Archive member included to satisfy reference by file (symbol)

d:/stm32/plugins/fr.ac6.mcu.externaltools.arm-none.win32_1.16.0.201807130628/tools/compiler/bin/../lib/gcc/arm-none-eabi/7.2.1/thumb/v6-m\libgcc.a(_udivsi3.o)
                              StdPeriph_Driver/src/stm32f0xx_rcc.o (__aeabi_uidiv)
d:/stm32/plugins/fr.ac6.mcu.externaltools.arm-none.win32_1.16.0.201807130628/tools/compiler/bin/../lib/gcc/arm-none-eabi/7.2.1/thumb/v6-m\libgcc.a(_divsi3.o)
                              src/potentiometer.o (__aeabi_idivmod)
d:/stm32/plugins/fr.ac6.mcu.externaltools.arm-none.win32_1.16.0.201807130628/tools/compiler/bin/../lib/gcc/arm-none-eabi/7.2.1/thumb/v6-m\libgcc.a(_dvmd_tls.o)
                              d:/stm32/plugins/fr.ac6.mcu.externaltools.arm-none.win32_1.16.0.201807130628/tools/compiler/bin/../lib/gcc/arm-none-eabi/7.2.1/thumb/v6-m\libgcc.a(_udivsi3.o) (__aeabi_idiv0)
d:/stm32/plugins/fr.ac6.mcu.externaltools.arm-none.win32_1.16.0.201807130628/tools/compiler/bin/../lib/gcc/arm-none-eabi/7.2.1/../../../../arm-none-eabi/lib/thumb/v6-m\libc.a(lib_a-assert.o)
                              src/block.o (__assert_func)
d:/stm32/plugins/fr.ac6.mcu.externaltools.arm-none.win32_1.16.0.201807130628/tools/compiler/bin/../lib/gcc/arm-none-eabi/7.2.1/../../../../arm-none-eabi/lib/thumb/v6-m\libc.a(lib_a-errno.o)
                              src/syscalls.o (__errno)
d:/stm32/plugins/fr.ac6.mcu.externaltools.arm-none.win32_1.16.0.201807130628/tools/compiler/bin/../lib/gcc/arm-none-eabi/7.2.1/../../../../arm-none-eabi/lib/thumb/v6-m\libc.a(lib_a-exit.o)
                              d:/stm32/plugins/fr.ac6.mcu.externaltools.arm-none.win32_1.16.0.201807130628/tools/compiler/bin/../lib/gcc/arm-none-eabi/7.2.1/../../../../arm-none-eabi/lib/thumb/v6-m/crt0.o (exit)
d:/stm32/plugins/fr.ac6.mcu.externaltools.arm-none.win32_1.16.0.201807130628/tools/compiler/bin/../lib/gcc/arm-none-eabi/7.2.1/../../../../arm-none-eabi/lib/thumb/v6-m\libc.a(lib_a-fiprintf.o)
                              d:/stm32/plugins/fr.ac6.mcu.externaltools.arm-none.win32_1.16.0.201807130628/tools/compiler/bin/../lib/gcc/arm-none-eabi/7.2.1/../../../../arm-none-eabi/lib/thumb/v6-m\libc.a(lib_a-assert.o) (fiprintf)
d:/stm32/plugins/fr.ac6.mcu.externaltools.arm-none.win32_1.16.0.201807130628/tools/compiler/bin/../lib/gcc/arm-none-eabi/7.2.1/../../../../arm-none-eabi/lib/thumb/v6-m\libc.a(lib_a-impure.o)
                              d:/stm32/plugins/fr.ac6.mcu.externaltools.arm-none.win32_1.16.0.201807130628/tools/compiler/bin/../lib/gcc/arm-none-eabi/7.2.1/../../../../arm-none-eabi/lib/thumb/v6-m\libc.a(lib_a-exit.o) (_global_impure_ptr)
d:/stm32/plugins/fr.ac6.mcu.externaltools.arm-none.win32_1.16.0.201807130628/tools/compiler/bin/../lib/gcc/arm-none-eabi/7.2.1/../../../../arm-none-eabi/lib/thumb/v6-m\libc.a(lib_a-init.o)
                              d:/stm32/plugins/fr.ac6.mcu.externaltools.arm-none.win32_1.16.0.201807130628/tools/compiler/bin/../lib/gcc/arm-none-eabi/7.2.1/../../../../arm-none-eabi/lib/thumb/v6-m/crt0.o (__libc_init_array)
d:/stm32/plugins/fr.ac6.mcu.externaltools.arm-none.win32_1.16.0.201807130628/tools/compiler/bin/../lib/gcc/arm-none-eabi/7.2.1/../../../../arm-none-eabi/lib/thumb/v6-m\libc.a(lib_a-malloc.o)
                              src/block.o (malloc)
d:/stm32/plugins/fr.ac6.mcu.externaltools.arm-none.win32_1.16.0.201807130628/tools/compiler/bin/../lib/gcc/arm-none-eabi/7.2.1/../../../../arm-none-eabi/lib/thumb/v6-m\libc.a(lib_a-mallocr.o)
                              d:/stm32/plugins/fr.ac6.mcu.externaltools.arm-none.win32_1.16.0.201807130628/tools/compiler/bin/../lib/gcc/arm-none-eabi/7.2.1/../../../../arm-none-eabi/lib/thumb/v6-m\libc.a(lib_a-malloc.o) (_malloc_r)
d:/stm32/plugins/fr.ac6.mcu.externaltools.arm-none.win32_1.16.0.201807130628/tools/compiler/bin/../lib/gcc/arm-none-eabi/7.2.1/../../../../arm-none-eabi/lib/thumb/v6-m\libc.a(lib_a-memset.o)
                              d:/stm32/plugins/fr.ac6.mcu.externaltools.arm-none.win32_1.16.0.201807130628/tools/compiler/bin/../lib/gcc/arm-none-eabi/7.2.1/../../../../arm-none-eabi/lib/thumb/v6-m/crt0.o (memset)
d:/stm32/plugins/fr.ac6.mcu.externaltools.arm-none.win32_1.16.0.201807130628/tools/compiler/bin/../lib/gcc/arm-none-eabi/7.2.1/../../../../arm-none-eabi/lib/thumb/v6-m\libc.a(lib_a-mlock.o)
                              d:/stm32/plugins/fr.ac6.mcu.externaltools.arm-none.win32_1.16.0.201807130628/tools/compiler/bin/../lib/gcc/arm-none-eabi/7.2.1/../../../../arm-none-eabi/lib/thumb/v6-m\libc.a(lib_a-mallocr.o) (__malloc_lock)
d:/stm32/plugins/fr.ac6.mcu.externaltools.arm-none.win32_1.16.0.201807130628/tools/compiler/bin/../lib/gcc/arm-none-eabi/7.2.1/../../../../arm-none-eabi/lib/thumb/v6-m\libc.a(lib_a-sbrkr.o)
[...]
Memory Configuration

Name             Origin             Length             Attributes
FLASH            0x08000000         0x00010000         xr
RAM              0x20000000         0x00002000         xrw
*default*        0x00000000         0xffffffff

Linker script and memory map

LOAD d:/stm32/plugins/fr.ac6.mcu.externaltools.arm-none.win32_1.16.0.201807130628/tools/compiler/bin/../lib/gcc/arm-none-eabi/7.2.1/thumb/v6-m/crti.o
LOAD d:/stm32/plugins/fr.ac6.mcu.externaltools.arm-none.win32_1.16.0.201807130628/tools/compiler/bin/../lib/gcc/arm-none-eabi/7.2.1/thumb/v6-m/crtbegin.o
LOAD d:/stm32/plugins/fr.ac6.mcu.externaltools.arm-none.win32_1.16.0.201807130628/tools/compiler/bin/../lib/gcc/arm-none-eabi/7.2.1/../../../../arm-none-eabi/lib/thumb/v6-m/crt0.o
LOAD StdPeriph_Driver/src/stm32f0xx_adc.o
LOAD StdPeriph_Driver/src/stm32f0xx_cec.o
LOAD StdPeriph_Driver/src/stm32f0xx_comp.o
LOAD StdPeriph_Driver/src/stm32f0xx_crc.o
LOAD StdPeriph_Driver/src/stm32f0xx_dac.o
LOAD StdPeriph_Driver/src/stm32f0xx_dbgmcu.o
LOAD StdPeriph_Driver/src/stm32f0xx_dma.o
LOAD StdPeriph_Driver/src/stm32f0xx_exti.o
LOAD StdPeriph_Driver/src/stm32f0xx_flash.o
LOAD StdPeriph_Driver/src/stm32f0xx_gpio.o
LOAD StdPeriph_Driver/src/stm32f0xx_i2c.o
LOAD StdPeriph_Driver/src/stm32f0xx_iwdg.o
LOAD StdPeriph_Driver/src/stm32f0xx_misc.o
LOAD StdPeriph_Driver/src/stm32f0xx_pwr.o
LOAD StdPeriph_Driver/src/stm32f0xx_rcc.o
LOAD StdPeriph_Driver/src/stm32f0xx_rtc.o
LOAD StdPeriph_Driver/src/stm32f0xx_spi.o
LOAD StdPeriph_Driver/src/stm32f0xx_syscfg.o
LOAD StdPeriph_Driver/src/stm32f0xx_tim.o
LOAD StdPeriph_Driver/src/stm32f0xx_usart.o
LOAD StdPeriph_Driver/src/stm32f0xx_wwdg.o
LOAD Utilities/stm32f0_discovery.o
LOAD src/block.o
LOAD src/display.o
LOAD src/lab8.o
LOAD src/main.o
LOAD src/nano_wait.o
LOAD src/potentiometer.o
LOAD src/sound.o
LOAD src/support.o
LOAD src/syscalls.o
LOAD src/system_stm32f0xx.o
LOAD startup/startup_stm32f0xx.o
LOAD d:/stm32/plugins/fr.ac6.mcu.externaltools.arm-none.win32_1.16.0.201807130628/tools/compiler/bin/../lib/gcc/arm-none-eabi/7.2.1/../../../../arm-none-eabi/lib/thumb/v6-m\libm.a
START GROUP
LOAD d:/stm32/plugins/fr.ac6.mcu.externaltools.arm-none.win32_1.16.0.201807130628/tools/compiler/bin/../lib/gcc/arm-none-eabi/7.2.1/thumb/v6-m\libgcc.a
LOAD d:/stm32/plugins/fr.ac6.mcu.externaltools.arm-none.win32_1.16.0.201807130628/tools/compiler/bin/../lib/gcc/arm-none-eabi/7.2.1/../../../../arm-none-eabi/lib/thumb/v6-m\libc.a
END GROUP
LOAD d:/stm32/plugins/fr.ac6.mcu.externaltools.arm-none.win32_1.16.0.201807130628/tools/compiler/bin/../lib/gcc/arm-none-eabi/7.2.1/thumb/v6-m/crtend.o
LOAD d:/stm32/plugins/fr.ac6.mcu.externaltools.arm-none.win32_1.16.0.201807130628/tools/compiler/bin/../lib/gcc/arm-none-eabi/7.2.1/thumb/v6-m/crtn.o
                0x20002000                _estack = 0x20002000
                0x00000000                _Min_Heap_Size = 0x0
                0x00000080                _Min_Stack_Size = 0x80

.isr_vector     0x08000000       0xc4
                0x08000000                . = ALIGN (0x4)
 *(.isr_vector)
 .isr_vector    0x08000000       0xc4 startup/startup_stm32f0xx.o
                0x08000000                g_pfnVectors
                0x080000c4                . = ALIGN (0x4)

.text           0x080000c4     0x68f0
                0x080000c4                . = ALIGN (0x4)
 *(.text)
 .text          0x080000c4       0x48 d:/stm32/plugins/fr.ac6.mcu.externaltools.arm-none.win32_1.16.0.201807130628/tools/compiler/bin/../lib/gcc/arm-none-eabi/7.2.1/thumb/v6-m/crtbegin.o
 .text          0x0800010c        0x6 src/nano_wait.o
                0x0800010c                nano_wait
 *fill*         0x08000112        0x2 
 .text          0x08000114      0x1d4 d:/stm32/plugins/fr.ac6.mcu.externaltools.arm-none.win32_1.16.0.201807130628/tools/compiler/bin/../lib/gcc/arm-none-eabi/7.2.1/thumb/v6-m\libgcc.a(_divsi3.o)
                0x08000114                __divsi3
                0x08000114                __aeabi_idiv
                0x080002e0                __aeabi_idivmod
 .text          0x080002e8        0x4 d:/stm32/plugins/fr.ac6.mcu.externaltools.arm-none.win32_1.16.0.201807130628/tools/compiler/bin/../lib/gcc/arm-none-eabi/7.2.1/thumb/v6-m\libgcc.a(_dvmd_tls.o)
                0x080002e8                __aeabi_idiv0
                0x080002e8                __aeabi_ldiv0
 .text          0x080002ec       0x40 d:/stm32/plugins/fr.ac6.mcu.externaltools.arm-none.win32_1.16.0.201807130628/tools/compiler/bin/../lib/gcc/arm-none-eabi/7.2.1/thumb/v6-m\libgcc.a(_aeabi_uldivmod.o)
                0x080002ec                __aeabi_uldivmod
 .text          0x0800032c      0x184 d:/stm32/plugins/fr.ac6.mcu.externaltools.arm-none.win32_1.16.0.201807130628/tools/compiler/bin/../lib/gcc/arm-none-eabi/7.2.1/thumb/v6-m\libgcc.a(_udivmoddi4.o)
                0x0800032c                __udivmoddi4
 .text          0x080004b0       0x3c d:/stm32/plugins/fr.ac6.mcu.externaltools.arm-none.win32_1.16.0.201807130628/tools/compiler/bin/../lib/gcc/arm-none-eabi/7.2.1/thumb/v6-m\libgcc.a(_clzsi2.o)
                0x080004b0                __clzsi2
 .text          0x080004ec       0x18 d:/stm32/plugins/fr.ac6.mcu.externaltools.arm-none.win32_1.16.0.201807130628/tools/compiler/bin/../lib/gcc/arm-none-eabi/7.2.1/thumb/v6-m\libgcc.a(_clzdi2.o)
                0x080004ec                __clzdi2
 *(.text*)
 .text.block_init
                0x08000504       0xac src/block.o
                0x08000504                block_init
 .text.show_block_valid
                0x080005b0      0x15c src/block.o
                0x080005b0                show_block_valid
 .text.show_ball
                0x0800070c      0x4c0 src/block.o
                0x0800070c                show_ball
 .text.show_block
                0x08000bcc       0x18 src/block.o
                0x08000bcc                show_block
 .text.spi_cmd  0x08000be4       0x34 src/lab8.o
                0x08000be4                spi_cmd
 .text.spi_data
                0x08000c18       0x3c src/lab8.o
                0x08000c18                spi_data
 .text.spi_init_lcd
                0x08000c54       0xe0 src/lab8.o
                0x08000c54                spi_init_lcd
 .text.dma_spi_init_lcd
                0x08000d34       0xd8 src/lab8.o
                0x08000d34                dma_spi_init_lcd
 .text.circdma_display1
                0x08000e0c       0x70 src/lab8.o
                0x08000e0c                circdma_display1
 .text.circdma_display2
                0x08000e7c       0x74 src/lab8.o
                0x08000e7c                circdma_display2
 .text.delay_cycles
                0x08000ef0       0x26 src/main.o
                0x08000ef0                delay_cycles
 *fill*         0x08000f16        0x2 
 .text.hspi_init
                0x08000f18       0xb4 src/main.o
                0x08000f18                hspi_init
 .text.hspi_w8  0x08000fcc       0x30 src/main.o
                0x08000fcc                hspi_w8
 .text.hspi_w16
                0x08000ffc       0x4a src/main.o
                0x08000ffc                hspi_w16
 *fill*         0x08001046        0x2 
 .text.hspi_cmd
                0x08001048       0x68 src/main.o
                0x08001048                hspi_cmd
 .text.ili9341_hspi_init
                0x080010b0      0x3a0 src/main.o
                0x080010b0                ili9341_hspi_init
 .text.spi_gpio_init
                0x08001450       0xf0 src/main.o
                0x08001450                spi_gpio_init
 .text.spi1_init
                0x08001540       0xb0 src/main.o
                0x08001540                spi1_init
 .text.SPI_INIT
                0x080015f0       0x12 src/main.o
                0x080015f0                SPI_INIT
 *fill*         0x08001602        0x2 
 .text.CleanScreen
                0x08001604       0xac src/main.o
                0x08001604                CleanScreen
 .text.setup_dac
                0x080016b0       0x5c src/main.o
                0x080016b0                setup_dac
 .text.enableButtons
                0x0800170c       0x58 src/main.o
                0x0800170c                enableButtons
 .text.getButtonInput
                0x08001764       0x68 src/main.o
                0x08001764                getButtonInput
 .text.ball_collision_check
                0x080017cc      0x2d8 src/main.o
                0x080017cc                ball_collision_check
 .text.beep     0x08001aa4       0x1e src/main.o
                0x08001aa4                beep
 *fill*         0x08001ac2        0x2 
 .text.obs_collision_check
                0x08001ac4       0x44 src/main.o
                0x08001ac4                obs_collision_check
 .text.main     0x08001b08      0x5d8 src/main.o
                0x08001b08                main
 .text.TIM2_IRQHandler
                0x080020e0       0x4c src/sound.o
                0x080020e0                TIM2_IRQHandler
 .text.tim2_init
                0x0800212c       0x7c src/sound.o
                0x0800212c                tim2_init
 .text.dac_init
                0x080021a8       0x78 src/sound.o
                0x080021a8                dac_init
 .text.tim6_init
                0x08002220       0x5c src/sound.o
                0x08002220                tim6_init
 .text.dma3_init
                0x0800227c       0x54 src/sound.o
                0x0800227c                dma3_init
 .text.TIM3_IRQHandler
                0x080022d0       0x5c src/sound.o
                0x080022d0                TIM3_IRQHandler
 .text.tim3_init
                0x0800232c       0x7c src/sound.o
                0x0800232c                tim3_init
 .text.generic_lcd_startup
                0x080023a8       0x50 src/support.o
                0x080023a8                generic_lcd_startup
 .text.step4    0x080023f8      0x1ec src/support.o
                0x080023f8                step4
 .text.step4_end
                0x080025e4       0xb4 src/support.o
                0x080025e4                step4_end
 .text.step4_start
                0x08002698       0x80 src/support.o
                0x08002698                step4_start
 .text.step4_select
                0x08002718      0x124 src/support.o
                0x08002718                step4_select
 .text._getpid  0x0800283c        0xc src/syscalls.o
                0x0800283c                _getpid
 .text._kill    0x08002848       0x20 src/syscalls.o
                0x08002848                _kill
 .text._exit    0x08002868       0x18 src/syscalls.o
                0x08002868                _exit
 .text._read    0x08002880       0x3a src/syscalls.o
                0x08002880                _read
 .text._write   0x080028ba       0x38 src/syscalls.o
                0x080028ba                _write
 *fill*         0x080028f2        0x2 
 .text._sbrk    0x080028f4       0x58 src/syscalls.o
                0x080028f4                _sbrk
 .text._close   0x0800294c       0x14 src/syscalls.o
                0x0800294c                _close
 .text._fstat   0x08002960       0x1c src/syscalls.o
                0x08002960                _fstat
 .text._isatty  0x0800297c       0x12 src/syscalls.o
                0x0800297c                _isatty
 .text._lseek   0x0800298e       0x16 src/syscalls.o
                0x0800298e                _lseek
 .text.SystemInit
                0x080029a4       0x8c src/system_stm32f0xx.o
                0x080029a4                SystemInit
 .text.SetSysClock
                0x08002a30       0x94 src/system_stm32f0xx.o
 .text.Reset_Handler
                0x08002ac4       0x50 startup/startup_stm32f0xx.o
                0x08002ac4                Reset_Handler
 .text.Default_Handler
                0x08002b14        0x2 startup/startup_stm32f0xx.o
                0x08002b14                TIM1_CC_IRQHandler
                0x08002b14                HardFault_Handler
                0x08002b14                ADC1_COMP_IRQHandler
                0x08002b14                SysTick_Handler
                0x08002b14                PVD_IRQHandler
                0x08002b14                PendSV_Handler
                0x08002b14                NMI_Handler
                0x08002b14                I2C1_IRQHandler
                0x08002b14                SPI1_IRQHandler
                0x08002b14                TIM6_DAC_IRQHandler
                0x08002b14                EXTI2_3_IRQHandler
                0x08002b14                I2C2_IRQHandler
                0x08002b14                TIM17_IRQHandler
                0x08002b14                RTC_IRQHandler
                0x08002b14                TIM16_IRQHandler
                0x08002b14                EXTI4_15_IRQHandler
                0x08002b14                RCC_IRQHandler
                0x08002b14                DMA1_Channel1_IRQHandler
                0x08002b14                Default_Handler
                0x08002b14                CEC_IRQHandler
                0x08002b14                TIM14_IRQHandler
                0x08002b14                DMA1_Channel4_5_IRQHandler
                0x08002b14                TIM15_IRQHandler
                0x08002b14                EXTI0_1_IRQHandler
                0x08002b14                SPI2_IRQHandler
                0x08002b14                SVC_Handler
                0x08002b14                TS_IRQHandler
                0x08002b14                WWDG_IRQHandler
                0x08002b14                DMA1_Channel2_3_IRQHandler
                0x08002b14                USART2_IRQHandler
                0x08002b14                FLASH_IRQHandler
                0x08002b14                USART1_IRQHandler
                0x08002b14                TIM1_BRK_UP_TRG_COM_IRQHandler
 *fill*         0x08002b16        0x2 
 .text.__assert_func
                0x08002b18       0x40 d:/stm32/plugins/fr.ac6.mcu.externaltools.arm-none.win32_1.16.0.201807130628/tools/compiler/bin/../lib/gcc/arm-none-eabi/7.2.1/../../../../arm-none-eabi/lib/thumb/v6-m\libc.a(lib_a-assert.o)
                0x08002b18                __assert_func
 .text.__errno  0x08002b58        0xc d:/stm32/plugins/fr.ac6.mcu.externaltools.arm-none.win32_1.16.0.201807130628/tools/compiler/bin/../lib/gcc/arm-none-eabi/7.2.1/../../../../arm-none-eabi/lib/thumb/v6-m\libc.a(lib_a-errno.o)
                0x08002b58                __errno
 .text.fiprintf
                0x08002b64       0x24 d:/stm32/plugins/fr.ac6.mcu.externaltools.arm-none.win32_1.16.0.201807130628/tools/compiler/bin/../lib/gcc/arm-none-eabi/7.2.1/../../../../arm-none-eabi/lib/thumb/v6-m\libc.a(lib_a-fiprintf.o)
                0x08002b64                fiprintf
 .text.__libc_init_array
                0x08002b88       0x48 d:/stm32/plugins/fr.ac6.mcu.externaltools.arm-none.win32_1.16.0.201807130628/tools/compiler/bin/../lib/gcc/arm-none-eabi/7.2.1/../../../../arm-none-eabi/lib/thumb/v6-m\libc.a(lib_a-init.o)
                0x08002b88                __libc_init_array
 .text.malloc   0x08002bd0       0x14 d:/stm32/plugins/fr.ac6.mcu.externaltools.arm-none.win32_1.16.0.201807130628/tools/compiler/bin/../lib/gcc/arm-none-eabi/7.2.1/../../../../arm-none-eabi/lib/thumb/v6-m\libc.a(lib_a-malloc.o)
                0x08002bd0                malloc
 .text.free     0x08002be4       0x14 d:/stm32/plugins/fr.ac6.mcu.externaltools.arm-none.win32_1.16.0.201807130628/tools/compiler/bin/../lib/gcc/arm-none-eabi/7.2.1/../../../../arm-none-eabi/lib/thumb/v6-m\libc.a(lib_a-malloc.o)
                0x08002be4                free
 .text._malloc_r
                0x08002bf8      0x554 d:/stm32/plugins/fr.ac6.mcu.externaltools.arm-none.win32_1.16.0.201807130628/tools/compiler/bin/../lib/gcc/arm-none-eabi/7.2.1/../../../../arm-none-eabi/lib/thumb/v6-m\libc.a(lib_a-mallocr.o)
                0x08002bf8                _malloc_r
 .text.memset   0x0800314c       0x9c d:/stm32/plugins/fr.ac6.mcu.externaltools.arm-none.win32_1.16.0.201807130628/tools/compiler/bin/../lib/gcc/arm-none-eabi/7.2.1/../../../../arm-none-eabi/lib/thumb/v6-m\libc.a(lib_a-memset.o)
                0x0800314c                memset
 .text.__malloc_lock
                0x080031e8       0x10 d:/stm32/plugins/fr.ac6.mcu.externaltools.arm-none.win32_1.16.0.201807130628/tools/compiler/bin/../lib/gcc/arm-none-eabi/7.2.1/../../../../arm-none-eabi/lib/thumb/v6-m\libc.a(lib_a-mlock.o)
                0x080031e8                __malloc_lock
 .text.__malloc_unlock
                0x080031f8       0x10 d:/stm32/plugins/fr.ac6.mcu.externaltools.arm-none.win32_1.16.0.201807130628/tools/compiler/bin/../lib/gcc/arm-none-eabi/7.2.1/../../../../arm-none-eabi/lib/thumb/v6-m\libc.a(lib_a-mlock.o)
                0x080031f8                __malloc_unlock
 .text._sbrk_r  0x08003208       0x24 d:/stm32/plugins/fr.ac6.mcu.externaltools.arm-none.win32_1.16.0.201807130628/tools/compiler/bin/../lib/gcc/arm-none-eabi/7.2.1/../../../../arm-none-eabi/lib/thumb/v6-m\libc.a(lib_a-sbrkr.o)
                0x08003208                _sbrk_r
 .text.__sprint_r.part.0
                0x0800322c       0x80 d:/stm32/plugins/fr.ac6.mcu.externaltools.arm-none.win32_1.16.0.201807130628/tools/compiler/bin/../lib/gcc/arm-none-eabi/7.2.1/../../../../arm-none-eabi/lib/thumb/v6-m\libc.a(lib_a-vfiprintf.o)
 .text._vfiprintf_r
                0x080032ac      0xc5c d:/stm32/plugins/fr.ac6.mcu.externaltools.arm-none.win32_1.16.0.201807130628/tools/compiler/bin/../lib/gcc/arm-none-eabi/7.2.1/../../../../arm-none-eabi/lib/thumb/v6-m\libc.a(lib_a-vfiprintf.o)
                0x080032ac                _vfiprintf_r
 .text.__sbprintf
                0x08003f08       0x88 d:/stm32/plugins/fr.ac6.mcu.externaltools.arm-none.win32_1.16.0.201807130628/tools/compiler/bin/../lib/gcc/arm-none-eabi/7.2.1/../../../../arm-none-eabi/lib/thumb/v6-m\libc.a(lib_a-vfiprintf.o)
 .text.__swsetup_r
                0x08003f90       0xd4 d:/stm32/plugins/fr.ac6.mcu.externaltools.arm-none.win32_1.16.0.201807130628/tools/compiler/bin/../lib/gcc/arm-none-eabi/7.2.1/../../../../arm-none-eabi/lib/thumb/v6-m\libc.a(lib_a-wsetup.o)
                0x08003f90                __swsetup_r
 .text.startup.register_fini
                0x08004064       0x18 d:/stm32/plugins/fr.ac6.mcu.externaltools.arm-none.win32_1.16.0.201807130628/tools/compiler/bin/../lib/gcc/arm-none-eabi/7.2.1/../../../../arm-none-eabi/lib/thumb/v6-m\libc.a(lib_a-__call_atexit.o)
 .text.abort    0x0800407c       0x10 d:/stm32/plugins/fr.ac6.mcu.externaltools.arm-none.win32_1.16.0.201807130628/tools/compiler/bin/../lib/gcc/arm-none-eabi/7.2.1/../../../../arm-none-eabi/lib/thumb/v6-m\libc.a(lib_a-abort.o)
                0x0800407c                abort
 .text.atexit   0x0800408c       0x10 d:/stm32/plugins/fr.ac6.mcu.externaltools.arm-none.win32_1.16.0.201807130628/tools/compiler/bin/../lib/gcc/arm-none-eabi/7.2.1/../../../../arm-none-eabi/lib/thumb/v6-m\libc.a(lib_a-atexit.o)
                0x0800408c                atexit
 .text.__sflush_r
                0x0800409c      0x150 d:/stm32/plugins/fr.ac6.mcu.externaltools.arm-none.win32_1.16.0.201807130628/tools/compiler/bin/../lib/gcc/arm-none-eabi/7.2.1/../../../../arm-none-eabi/lib/thumb/v6-m\libc.a(lib_a-fflush.o)
                0x0800409c                __sflush_r
 .text._fflush_r
                0x080041ec       0x54 d:/stm32/plugins/fr.ac6.mcu.externaltools.arm-none.win32_1.16.0.201807130628/tools/compiler/bin/../lib/gcc/arm-none-eabi/7.2.1/../../../../arm-none-eabi/lib/thumb/v6-m\libc.a(lib_a-fflush.o)
                0x080041ec                _fflush_r
 .text.std      0x08004240       0x50 d:/stm32/plugins/fr.ac6.mcu.externaltools.arm-none.win32_1.16.0.201807130628/tools/compiler/bin/../lib/gcc/arm-none-eabi/7.2.1/../../../../arm-none-eabi/lib/thumb/v6-m\libc.a(lib_a-findfp.o)
 .text._cleanup_r
                0x08004290       0x10 d:/stm32/plugins/fr.ac6.mcu.externaltools.arm-none.win32_1.16.0.201807130628/tools/compiler/bin/../lib/gcc/arm-none-eabi/7.2.1/../../../../arm-none-eabi/lib/thumb/v6-m\libc.a(lib_a-findfp.o)
                0x08004290                _cleanup_r
 .text.__sinit  0x080042a0       0x60 d:/stm32/plugins/fr.ac6.mcu.externaltools.arm-none.win32_1.16.0.201807130628/tools/compiler/bin/../lib/gcc/arm-none-eabi/7.2.1/../../../../arm-none-eabi/lib/thumb/v6-m\libc.a(lib_a-findfp.o)
                0x080042a0                __sinit
 .text.__sfp_lock_acquire
                0x08004300       0x10 d:/stm32/plugins/fr.ac6.mcu.externaltools.arm-none.win32_1.16.0.201807130628/tools/compiler/bin/../lib/gcc/arm-none-eabi/7.2.1/../../../../arm-none-eabi/lib/thumb/v6-m\libc.a(lib_a-findfp.o)
                0x08004300                __sfp_lock_acquire
 .text.__sfp_lock_release
                0x08004310       0x10 d:/stm32/plugins/fr.ac6.mcu.externaltools.arm-none.win32_1.16.0.201807130628/tools/compiler/bin/../lib/gcc/arm-none-eabi/7.2.1/../../../../arm-none-eabi/lib/thumb/v6-m\libc.a(lib_a-findfp.o)
                0x08004310                __sfp_lock_release
 .text.__libc_fini_array
                0x08004320       0x34 d:/stm32/plugins/fr.ac6.mcu.externaltools.arm-none.win32_1.16.0.201807130628/tools/compiler/bin/../lib/gcc/arm-none-eabi/7.2.1/../../../../arm-none-eabi/lib/thumb/v6-m\libc.a(lib_a-fini.o)
                0x08004320                __libc_fini_array
 .text.__fputwc
                0x08004354       0x94 d:/stm32/plugins/fr.ac6.mcu.externaltools.arm-none.win32_1.16.0.201807130628/tools/compiler/bin/../lib/gcc/arm-none-eabi/7.2.1/../../../../arm-none-eabi/lib/thumb/v6-m\libc.a(lib_a-fputwc.o)
                0x08004354                __fputwc
 .text._fputwc_r
                0x080043e8       0x5c d:/stm32/plugins/fr.ac6.mcu.externaltools.arm-none.win32_1.16.0.201807130628/tools/compiler/bin/../lib/gcc/arm-none-eabi/7.2.1/../../../../arm-none-eabi/lib/thumb/v6-m\libc.a(lib_a-fputwc.o)
                0x080043e8                _fputwc_r
 .text._malloc_trim_r
                0x08004444       0xa0 d:/stm32/plugins/fr.ac6.mcu.externaltools.arm-none.win32_1.16.0.201807130628/tools/compiler/bin/../lib/gcc/arm-none-eabi/7.2.1/../../../../arm-none-eabi/lib/thumb/v6-m\libc.a(lib_a-freer.o)
                0x08004444                _malloc_trim_r
 .text._free_r  0x080044e4      0x1d4 d:/stm32/plugins/fr.ac6.mcu.externaltools.arm-none.win32_1.16.0.201807130628/tools/compiler/bin/../lib/gcc/arm-none-eabi/7.2.1/../../../../arm-none-eabi/lib/thumb/v6-m\libc.a(lib_a-freer.o)
                0x080044e4                _free_r
 .text.__sfvwrite_r
                0x080046b8      0x2fc d:/stm32/plugins/fr.ac6.mcu.externaltools.arm-none.win32_1.16.0.201807130628/tools/compiler/bin/../lib/gcc/arm-none-eabi/7.2.1/../../../../arm-none-eabi/lib/thumb/v6-m\libc.a(lib_a-fvwrite.o)
                0x080046b8                __sfvwrite_r
 .text._fwalk_reent
                0x080049b4       0x4c d:/stm32/plugins/fr.ac6.mcu.externaltools.arm-none.win32_1.16.0.201807130628/tools/compiler/bin/../lib/gcc/arm-none-eabi/7.2.1/../../../../arm-none-eabi/lib/thumb/v6-m\libc.a(lib_a-fwalk.o)
                0x080049b4                _fwalk_reent
 .text.__locale_mb_cur_max
                0x08004a00       0x1c d:/stm32/plugins/fr.ac6.mcu.externaltools.arm-none.win32_1.16.0.201807130628/tools/compiler/bin/../lib/gcc/arm-none-eabi/7.2.1/../../../../arm-none-eabi/lib/thumb/v6-m\libc.a(lib_a-locale.o)
                0x08004a00                __locale_mb_cur_max
 .text.__retarget_lock_init_recursive
                0x08004a1c        0x4 d:/stm32/plugins/fr.ac6.mcu.externaltools.arm-none.win32_1.16.0.201807130628/tools/compiler/bin/../lib/gcc/arm-none-eabi/7.2.1/../../../../arm-none-eabi/lib/thumb/v6-m\libc.a(lib_a-lock.o)
                0x08004a1c                __retarget_lock_init_recursive
 .text.__retarget_lock_close_recursive
                0x08004a20        0x4 d:/stm32/plugins/fr.ac6.mcu.externaltools.arm-none.win32_1.16.0.201807130628/tools/compiler/bin/../lib/gcc/arm-none-eabi/7.2.1/../../../../arm-none-eabi/lib/thumb/v6-m\libc.a(lib_a-lock.o)
                0x08004a20                __retarget_lock_close_recursive
 .text.__retarget_lock_acquire_recursive
                0x08004a24        0x4 d:/stm32/plugins/fr.ac6.mcu.externaltools.arm-none.win32_1.16.0.201807130628/tools/compiler/bin/../lib/gcc/arm-none-eabi/7.2.1/../../../../arm-none-eabi/lib/thumb/v6-m\libc.a(lib_a-lock.o)
                0x08004a24                __retarget_lock_acquire_recursive
 .text.__retarget_lock_release_recursive
                0x08004a28        0x4 d:/stm32/plugins/fr.ac6.mcu.externaltools.arm-none.win32_1.16.0.201807130628/tools/compiler/bin/../lib/gcc/arm-none-eabi/7.2.1/../../../../arm-none-eabi/lib/thumb/v6-m\libc.a(lib_a-lock.o)
                0x08004a28                __retarget_lock_release_recursive
 .text.__swhatbuf_r
                0x08004a2c       0x60 d:/stm32/plugins/fr.ac6.mcu.externaltools.arm-none.win32_1.16.0.201807130628/tools/compiler/bin/../lib/gcc/arm-none-eabi/7.2.1/../../../../arm-none-eabi/lib/thumb/v6-m\libc.a(lib_a-makebuf.o)
                0x08004a2c                __swhatbuf_r
 .text.__smakebuf_r
                0x08004a8c       0x90 d:/stm32/plugins/fr.ac6.mcu.externaltools.arm-none.win32_1.16.0.201807130628/tools/compiler/bin/../lib/gcc/arm-none-eabi/7.2.1/../../../../arm-none-eabi/lib/thumb/v6-m\libc.a(lib_a-makebuf.o)
                0x08004a8c                __smakebuf_r
 .text.__ascii_mbtowc
                0x08004b1c       0x2c d:/stm32/plugins/fr.ac6.mcu.externaltools.arm-none.win32_1.16.0.201807130628/tools/compiler/bin/../lib/gcc/arm-none-eabi/7.2.1/../../../../arm-none-eabi/lib/thumb/v6-m\libc.a(lib_a-mbtowc_r.o)
                0x08004b1c                __ascii_mbtowc
 .text.memchr   0x08004b48       0x80 d:/stm32/plugins/fr.ac6.mcu.externaltools.arm-none.win32_1.16.0.201807130628/tools/compiler/bin/../lib/gcc/arm-none-eabi/7.2.1/../../../../arm-none-eabi/lib/thumb/v6-m\libc.a(lib_a-memchr-stub.o)
                0x08004b48                memchr
 .text.memcpy   0x08004bc8       0x88 d:/stm32/plugins/fr.ac6.mcu.externaltools.arm-none.win32_1.16.0.201807130628/tools/compiler/bin/../lib/gcc/arm-none-eabi/7.2.1/../../../../arm-none-eabi/lib/thumb/v6-m\libc.a(lib_a-memcpy-stub.o)
                0x08004bc8                memcpy
 .text.memmove  0x08004c50       0x9c d:/stm32/plugins/fr.ac6.mcu.externaltools.arm-none.win32_1.16.0.201807130628/tools/compiler/bin/../lib/gcc/arm-none-eabi/7.2.1/../../../../arm-none-eabi/lib/thumb/v6-m\libc.a(lib_a-memmove.o)
                0x08004c50                memmove
 .text._realloc_r
                0x08004cec      0x3b0 d:/stm32/plugins/fr.ac6.mcu.externaltools.arm-none.win32_1.16.0.201807130628/tools/compiler/bin/../lib/gcc/arm-none-eabi/7.2.1/../../../../arm-none-eabi/lib/thumb/v6-m\libc.a(lib_a-reallocr.o)
                0x08004cec                _realloc_r
 .text._raise_r
                0x0800509c       0x5c d:/stm32/plugins/fr.ac6.mcu.externaltools.arm-none.win32_1.16.0.201807130628/tools/compiler/bin/../lib/gcc/arm-none-eabi/7.2.1/../../../../arm-none-eabi/lib/thumb/v6-m\libc.a(lib_a-signal.o)
                0x0800509c                _raise_r
 .text.raise    0x080050f8       0x14 d:/stm32/plugins/fr.ac6.mcu.externaltools.arm-none.win32_1.16.0.201807130628/tools/compiler/bin/../lib/gcc/arm-none-eabi/7.2.1/../../../../arm-none-eabi/lib/thumb/v6-m\libc.a(lib_a-signal.o)
                0x080050f8                raise
 .text._kill_r  0x0800510c       0x28 d:/stm32/plugins/fr.ac6.mcu.externaltools.arm-none.win32_1.16.0.201807130628/tools/compiler/bin/../lib/gcc/arm-none-eabi/7.2.1/../../../../arm-none-eabi/lib/thumb/v6-m\libc.a(lib_a-signalr.o)
                0x0800510c                _kill_r
 .text._getpid_r
                0x08005134        0x8 d:/stm32/plugins/fr.ac6.mcu.externaltools.arm-none.win32_1.16.0.201807130628/tools/compiler/bin/../lib/gcc/arm-none-eabi/7.2.1/../../../../arm-none-eabi/lib/thumb/v6-m\libc.a(lib_a-signalr.o)
                0x08005134                _getpid_r
 .text.__sread  0x0800513c       0x28 d:/stm32/plugins/fr.ac6.mcu.externaltools.arm-none.win32_1.16.0.201807130628/tools/compiler/bin/../lib/gcc/arm-none-eabi/7.2.1/../../../../arm-none-eabi/lib/thumb/v6-m\libc.a(lib_a-stdio.o)
                0x0800513c                __sread
 .text.__swrite
                0x08005164       0x3c d:/stm32/plugins/fr.ac6.mcu.externaltools.arm-none.win32_1.16.0.201807130628/tools/compiler/bin/../lib/gcc/arm-none-eabi/7.2.1/../../../../arm-none-eabi/lib/thumb/v6-m\libc.a(lib_a-stdio.o)
                0x08005164                __swrite
 .text.__sseek  0x080051a0       0x2c d:/stm32/plugins/fr.ac6.mcu.externaltools.arm-none.win32_1.16.0.201807130628/tools/compiler/bin/../lib/gcc/arm-none-eabi/7.2.1/../../../../arm-none-eabi/lib/thumb/v6-m\libc.a(lib_a-stdio.o)
                0x080051a0                __sseek
 .text.__sclose
                0x080051cc        0xc d:/stm32/plugins/fr.ac6.mcu.externaltools.arm-none.win32_1.16.0.201807130628/tools/compiler/bin/../lib/gcc/arm-none-eabi/7.2.1/../../../../arm-none-eabi/lib/thumb/v6-m\libc.a(lib_a-stdio.o)
                0x080051cc                __sclose
 .text.strlen   0x080051d8       0x64 d:/stm32/plugins/fr.ac6.mcu.externaltools.arm-none.win32_1.16.0.201807130628/tools/compiler/bin/../lib/gcc/arm-none-eabi/7.2.1/../../../../arm-none-eabi/lib/thumb/v6-m\libc.a(lib_a-strlen-stub.o)
                0x080051d8                strlen
 .text.__swbuf_r
                0x0800523c       0xc8 d:/stm32/plugins/fr.ac6.mcu.externaltools.arm-none.win32_1.16.0.201807130628/tools/compiler/bin/../lib/gcc/arm-none-eabi/7.2.1/../../../../arm-none-eabi/lib/thumb/v6-m\libc.a(lib_a-wbuf.o)
                0x0800523c                __swbuf_r
 .text._wcrtomb_r
                0x08005304       0x58 d:/stm32/plugins/fr.ac6.mcu.externaltools.arm-none.win32_1.16.0.201807130628/tools/compiler/bin/../lib/gcc/arm-none-eabi/7.2.1/../../../../arm-none-eabi/lib/thumb/v6-m\libc.a(lib_a-wcrtomb.o)
                0x08005304                _wcrtomb_r
 .text.__ascii_wctomb
                0x0800535c       0x1c d:/stm32/plugins/fr.ac6.mcu.externaltools.arm-none.win32_1.16.0.201807130628/tools/compiler/bin/../lib/gcc/arm-none-eabi/7.2.1/../../../../arm-none-eabi/lib/thumb/v6-m\libc.a(lib_a-wctomb_r.o)
                0x0800535c                __ascii_wctomb
 .text._write_r
                0x08005378       0x28 d:/stm32/plugins/fr.ac6.mcu.externaltools.arm-none.win32_1.16.0.201807130628/tools/compiler/bin/../lib/gcc/arm-none-eabi/7.2.1/../../../../arm-none-eabi/lib/thumb/v6-m\libc.a(lib_a-writer.o)
                0x08005378                _write_r
 .text.__register_exitproc
                0x080053a0       0xf4 d:/stm32/plugins/fr.ac6.mcu.externaltools.arm-none.win32_1.16.0.201807130628/tools/compiler/bin/../lib/gcc/arm-none-eabi/7.2.1/../../../../arm-none-eabi/lib/thumb/v6-m\libc.a(lib_a-__atexit.o)
                0x080053a0                __register_exitproc
 .text._close_r
                0x08005494       0x24 d:/stm32/plugins/fr.ac6.mcu.externaltools.arm-none.win32_1.16.0.201807130628/tools/compiler/bin/../lib/gcc/arm-none-eabi/7.2.1/../../../../arm-none-eabi/lib/thumb/v6-m\libc.a(lib_a-closer.o)
                0x08005494                _close_r
 .text._fclose_r
                0x080054b8       0xd8 d:/stm32/plugins/fr.ac6.mcu.externaltools.arm-none.win32_1.16.0.201807130628/tools/compiler/bin/../lib/gcc/arm-none-eabi/7.2.1/../../../../arm-none-eabi/lib/thumb/v6-m\libc.a(lib_a-fclose.o)
                0x080054b8                _fclose_r
 .text._fstat_r
                0x08005590       0x28 d:/stm32/plugins/fr.ac6.mcu.externaltools.arm-none.win32_1.16.0.201807130628/tools/compiler/bin/../lib/gcc/arm-none-eabi/7.2.1/../../../../arm-none-eabi/lib/thumb/v6-m\libc.a(lib_a-fstatr.o)
                0x08005590                _fstat_r
 .text._isatty_r
                0x080055b8       0x24 d:/stm32/plugins/fr.ac6.mcu.externaltools.arm-none.win32_1.16.0.201807130628/tools/compiler/bin/../lib/gcc/arm-none-eabi/7.2.1/../../../../arm-none-eabi/lib/thumb/v6-m\libc.a(lib_a-isattyr.o)
                0x080055b8                _isatty_r
 .text._lseek_r
                0x080055dc       0x28 d:/stm32/plugins/fr.ac6.mcu.externaltools.arm-none.win32_1.16.0.201807130628/tools/compiler/bin/../lib/gcc/arm-none-eabi/7.2.1/../../../../arm-none-eabi/lib/thumb/v6-m\libc.a(lib_a-lseekr.o)
                0x080055dc                _lseek_r
 .text._read_r  0x08005604       0x28 d:/stm32/plugins/fr.ac6.mcu.externaltools.arm-none.win32_1.16.0.201807130628/tools/compiler/bin/../lib/gcc/arm-none-eabi/7.2.1/../../../../arm-none-eabi/lib/thumb/v6-m\libc.a(lib_a-readr.o)
                0x08005604                _read_r
 *(.rodata)
 .rodata        0x0800562c       0xcb src/block.o
 *fill*         0x080056f7        0x1 
 .rodata        0x080056f8      0x8c6 src/main.o
                0x08005768                wavetable
 *fill*         0x08005fbe        0x2 
 .rodata        0x08005fc0      0x2d0 src/sound.o
                0x08005fc0                sine_table
 .rodata        0x08006290      0x3fe src/support.o
 *(.rodata*)
 *fill*         0x0800668e        0x2 
 .rodata.__assert_func.str1.4
                0x08006690       0x3f d:/stm32/plugins/fr.ac6.mcu.externaltools.arm-none.win32_1.16.0.201807130628/tools/compiler/bin/../lib/gcc/arm-none-eabi/7.2.1/../../../../arm-none-eabi/lib/thumb/v6-m\libc.a(lib_a-assert.o)
                                 0x43 (size before relaxing)
 *fill*         0x080066cf        0x1 
 .rodata._global_impure_ptr
                0x080066d0        0x4 d:/stm32/plugins/fr.ac6.mcu.externaltools.arm-none.win32_1.16.0.201807130628/tools/compiler/bin/../lib/gcc/arm-none-eabi/7.2.1/../../../../arm-none-eabi/lib/thumb/v6-m\libc.a(lib_a-impure.o)
                0x080066d0                _global_impure_ptr
 .rodata._vfiprintf_r
                0x080066d4      0x164 d:/stm32/plugins/fr.ac6.mcu.externaltools.arm-none.win32_1.16.0.201807130628/tools/compiler/bin/../lib/gcc/arm-none-eabi/7.2.1/../../../../arm-none-eabi/lib/thumb/v6-m\libc.a(lib_a-vfiprintf.o)
 .rodata._vfiprintf_r.str1.4
                0x08006838       0x2f d:/stm32/plugins/fr.ac6.mcu.externaltools.arm-none.win32_1.16.0.201807130628/tools/compiler/bin/../lib/gcc/arm-none-eabi/7.2.1/../../../../arm-none-eabi/lib/thumb/v6-m\libc.a(lib_a-vfiprintf.o)
 *fill*         0x08006867        0x1 
 .rodata.blanks.7270
                0x08006868       0x10 d:/stm32/plugins/fr.ac6.mcu.externaltools.arm-none.win32_1.16.0.201807130628/tools/compiler/bin/../lib/gcc/arm-none-eabi/7.2.1/../../../../arm-none-eabi/lib/thumb/v6-m\libc.a(lib_a-vfiprintf.o)
 .rodata.zeroes.7271
                0x08006878       0x10 d:/stm32/plugins/fr.ac6.mcu.externaltools.arm-none.win32_1.16.0.201807130628/tools/compiler/bin/../lib/gcc/arm-none-eabi/7.2.1/../../../../arm-none-eabi/lib/thumb/v6-m\libc.a(lib_a-vfiprintf.o)
 .rodata._setlocale_r.str1.4
                0x08006888        0xa d:/stm32/plugins/fr.ac6.mcu.externaltools.arm-none.win32_1.16.0.201807130628/tools/compiler/bin/../lib/gcc/arm-none-eabi/7.2.1/../../../../arm-none-eabi/lib/thumb/v6-m\libc.a(lib_a-locale.o)
                                  0xd (size before relaxing)
 *fill*         0x08006892        0x2 
 .rodata.str1.4
                0x08006894        0x4 d:/stm32/plugins/fr.ac6.mcu.externaltools.arm-none.win32_1.16.0.201807130628/tools/compiler/bin/../lib/gcc/arm-none-eabi/7.2.1/../../../../arm-none-eabi/lib/thumb/v6-m\libc.a(lib_a-locale.o)
                                  0x2 (size before relaxing)
 .rodata._ctype_
                0x08006898      0x101 d:/stm32/plugins/fr.ac6.mcu.externaltools.arm-none.win32_1.16.0.201807130628/tools/compiler/bin/../lib/gcc/arm-none-eabi/7.2.1/../../../../arm-none-eabi/lib/thumb/v6-m\libc.a(lib_a-ctype_.o)
                0x08006898                _ctype_
 *(.glue_7)
 .glue_7        0x08006999        0x0 linker stubs
 *(.glue_7t)
 .glue_7t       0x08006999        0x0 linker stubs
 *(.eh_frame)
 *fill*         0x08006999        0x3 
 .eh_frame      0x0800699c        0x0 d:/stm32/plugins/fr.ac6.mcu.externaltools.arm-none.win32_1.16.0.201807130628/tools/compiler/bin/../lib/gcc/arm-none-eabi/7.2.1/thumb/v6-m/crtbegin.o
 *(.init)
 .init          0x0800699c        0x4 d:/stm32/plugins/fr.ac6.mcu.externaltools.arm-none.win32_1.16.0.201807130628/tools/compiler/bin/../lib/gcc/arm-none-eabi/7.2.1/thumb/v6-m/crti.o
                0x0800699c                _init
 .init          0x080069a0        0x8 d:/stm32/plugins/fr.ac6.mcu.externaltools.arm-none.win32_1.16.0.201807130628/tools/compiler/bin/../lib/gcc/arm-none-eabi/7.2.1/thumb/v6-m/crtn.o
 *(.fini)
 .fini          0x080069a8        0x4 d:/stm32/plugins/fr.ac6.mcu.externaltools.arm-none.win32_1.16.0.201807130628/tools/compiler/bin/../lib/gcc/arm-none-eabi/7.2.1/thumb/v6-m/crti.o
                0x080069a8                _fini
 .fini          0x080069ac        0x8 d:/stm32/plugins/fr.ac6.mcu.externaltools.arm-none.win32_1.16.0.201807130628/tools/compiler/bin/../lib/gcc/arm-none-eabi/7.2.1/thumb/v6-m/crtn.o
                0x080069b4                . = ALIGN (0x4)
                0x080069b4                _etext = .

.vfp11_veneer   0x080069b4        0x0
 .vfp11_veneer  0x080069b4        0x0 linker stubs

.v4_bx          0x080069b4        0x0
 .v4_bx         0x080069b4        0x0 linker stubs

.iplt           0x080069b4        0x0
 .iplt          0x080069b4        0x0 d:/stm32/plugins/fr.ac6.mcu.externaltools.arm-none.win32_1.16.0.201807130628/tools/compiler/bin/../lib/gcc/arm-none-eabi/7.2.1/thumb/v6-m/crtbegin.o

.ARM.extab
 *(.ARM.extab* .gnu.linkonce.armextab.*)

.ARM            0x080069b4        0x8
                0x080069b4                __exidx_start = .
 *(.ARM.exidx*)
 .ARM.exidx     0x080069b4        0x8 d:/stm32/plugins/fr.ac6.mcu.externaltools.arm-none.win32_1.16.0.201807130628/tools/compiler/bin/../lib/gcc/arm-none-eabi/7.2.1/thumb/v6-m\libgcc.a(_udivmoddi4.o)
                0x080069bc                __exidx_end = .

.rel.dyn        0x080069bc        0x0
 .rel.iplt      0x080069bc        0x0 d:/stm32/plugins/fr.ac6.mcu.externaltools.arm-none.win32_1.16.0.201807130628/tools/compiler/bin/../lib/gcc/arm-none-eabi/7.2.1/thumb/v6-m/crtbegin.o

.preinit_array  0x080069bc        0x0
                0x080069bc                PROVIDE (__preinit_array_start, .)
 *(.preinit_array*)
                0x080069bc                PROVIDE (__preinit_array_end, .)

.init_array     0x080069bc        0x8
                0x080069bc                PROVIDE (__init_array_start, .)
 *(SORT_BY_NAME(.init_array.*))
 .init_array.00000
                0x080069bc        0x4 d:/stm32/plugins/fr.ac6.mcu.externaltools.arm-none.win32_1.16.0.201807130628/tools/compiler/bin/../lib/gcc/arm-none-eabi/7.2.1/../../../../arm-none-eabi/lib/thumb/v6-m\libc.a(lib_a-__call_atexit.o)
 *(.init_array*)
 .init_array    0x080069c0        0x4 d:/stm32/plugins/fr.ac6.mcu.externaltools.arm-none.win32_1.16.0.201807130628/tools/compiler/bin/../lib/gcc/arm-none-eabi/7.2.1/thumb/v6-m/crtbegin.o
                0x080069c4                PROVIDE (__init_array_end, .)

.fini_array     0x080069c4        0x4
                0x080069c4                PROVIDE (__fini_array_start, .)
 *(SORT_BY_NAME(.fini_array.*))
 *(.fini_array*)
 .fini_array    0x080069c4        0x4 d:/stm32/plugins/fr.ac6.mcu.externaltools.arm-none.win32_1.16.0.201807130628/tools/compiler/bin/../lib/gcc/arm-none-eabi/7.2.1/thumb/v6-m/crtbegin.o
                0x080069c8                PROVIDE (__fini_array_end, .)
                0x080069c8                _sidata = LOADADDR (.data)

.data           0x20000000      0xa00 load address 0x080069c8
                0x20000000                . = ALIGN (0x4)
                0x20000000                _sdata = .
 *(.data)
 .data          0x20000000       0x44 src/lab8.o
                0x20000000                dispmem
 .data          0x20000044        0x2 src/main.o
                0x20000044                back
 *fill*         0x20000046        0x2 
 .data          0x20000048        0xc src/sound.o
                0x20000048                t6_dir
                0x2000004c                t6_max
                0x20000050                t6_min
 *(.data*)
 .data._impure_ptr
                0x20000054        0x4 d:/stm32/plugins/fr.ac6.mcu.externaltools.arm-none.win32_1.16.0.201807130628/tools/compiler/bin/../lib/gcc/arm-none-eabi/7.2.1/../../../../arm-none-eabi/lib/thumb/v6-m\libc.a(lib_a-impure.o)
                0x20000054                _impure_ptr
 .data.impure_data
                0x20000058      0x428 d:/stm32/plugins/fr.ac6.mcu.externaltools.arm-none.win32_1.16.0.201807130628/tools/compiler/bin/../lib/gcc/arm-none-eabi/7.2.1/../../../../arm-none-eabi/lib/thumb/v6-m\libc.a(lib_a-impure.o)
 .data.__malloc_av_
                0x20000480      0x408 d:/stm32/plugins/fr.ac6.mcu.externaltools.arm-none.win32_1.16.0.201807130628/tools/compiler/bin/../lib/gcc/arm-none-eabi/7.2.1/../../../../arm-none-eabi/lib/thumb/v6-m\libc.a(lib_a-mallocr.o)
                0x20000480                __malloc_av_
 .data.__malloc_sbrk_base
                0x20000888        0x4 d:/stm32/plugins/fr.ac6.mcu.externaltools.arm-none.win32_1.16.0.201807130628/tools/compiler/bin/../lib/gcc/arm-none-eabi/7.2.1/../../../../arm-none-eabi/lib/thumb/v6-m\libc.a(lib_a-mallocr.o)
                0x20000888                __malloc_sbrk_base
 .data.__malloc_trim_threshold
                0x2000088c        0x4 d:/stm32/plugins/fr.ac6.mcu.externaltools.arm-none.win32_1.16.0.201807130628/tools/compiler/bin/../lib/gcc/arm-none-eabi/7.2.1/../../../../arm-none-eabi/lib/thumb/v6-m\libc.a(lib_a-mallocr.o)
                0x2000088c                __malloc_trim_threshold
 .data.__atexit_recursive_mutex
                0x20000890        0x4 d:/stm32/plugins/fr.ac6.mcu.externaltools.arm-none.win32_1.16.0.201807130628/tools/compiler/bin/../lib/gcc/arm-none-eabi/7.2.1/../../../../arm-none-eabi/lib/thumb/v6-m\libc.a(lib_a-__call_atexit.o)
                0x20000890                __atexit_recursive_mutex
 .data.__global_locale
                0x20000894      0x16c d:/stm32/plugins/fr.ac6.mcu.externaltools.arm-none.win32_1.16.0.201807130628/tools/compiler/bin/../lib/gcc/arm-none-eabi/7.2.1/../../../../arm-none-eabi/lib/thumb/v6-m\libc.a(lib_a-locale.o)
                0x20000894                __global_locale
                0x20000a00                . = ALIGN (0x4)
                0x20000a00                _edata = .

.igot.plt       0x20000a00        0x0 load address 0x080073c8
 .igot.plt      0x20000a00        0x0 d:/stm32/plugins/fr.ac6.mcu.externaltools.arm-none.win32_1.16.0.201807130628/tools/compiler/bin/../lib/gcc/arm-none-eabi/7.2.1/thumb/v6-m/crtbegin.o
                0x20000a00                . = ALIGN (0x4)

.bss            0x20000a00       0xe0 load address 0x080073c8
                0x20000a00                _sbss = .
                0x20000a00                __bss_start__ = _sbss
 *(.bss)
 .bss           0x20000a00       0x1c d:/stm32/plugins/fr.ac6.mcu.externaltools.arm-none.win32_1.16.0.201807130628/tools/compiler/bin/../lib/gcc/arm-none-eabi/7.2.1/thumb/v6-m/crtbegin.o
 .bss           0x20000a1c       0x10 src/lab8.o
                0x20000a1c                cmd
                0x20000a20                data
                0x20000a24                display1
                0x20000a28                display2
 .bss           0x20000a2c       0x1c src/main.o
                0x20000a2c                arr
                0x20000a3c                s1
                0x20000a40                s2
                0x20000a44                harder
 .bss           0x20000a48        0x4 src/sound.o
                0x20000a48                t6_offset
 .bss           0x20000a4c        0x8 src/syscalls.o
                0x20000a4c                __env
 *(.bss*)
 .bss.__malloc_current_mallinfo
                0x20000a54       0x28 d:/stm32/plugins/fr.ac6.mcu.externaltools.arm-none.win32_1.16.0.201807130628/tools/compiler/bin/../lib/gcc/arm-none-eabi/7.2.1/../../../../arm-none-eabi/lib/thumb/v6-m\libc.a(lib_a-mallocr.o)
                0x20000a54                __malloc_current_mallinfo
 .bss.__malloc_max_sbrked_mem
                0x20000a7c        0x4 d:/stm32/plugins/fr.ac6.mcu.externaltools.arm-none.win32_1.16.0.201807130628/tools/compiler/bin/../lib/gcc/arm-none-eabi/7.2.1/../../../../arm-none-eabi/lib/thumb/v6-m\libc.a(lib_a-mallocr.o)
                0x20000a7c                __malloc_max_sbrked_mem
 .bss.__malloc_max_total_mem
                0x20000a80        0x4 d:/stm32/plugins/fr.ac6.mcu.externaltools.arm-none.win32_1.16.0.201807130628/tools/compiler/bin/../lib/gcc/arm-none-eabi/7.2.1/../../../../arm-none-eabi/lib/thumb/v6-m\libc.a(lib_a-mallocr.o)
                0x20000a80                __malloc_max_total_mem
 .bss.__malloc_top_pad
                0x20000a84        0x4 d:/stm32/plugins/fr.ac6.mcu.externaltools.arm-none.win32_1.16.0.201807130628/tools/compiler/bin/../lib/gcc/arm-none-eabi/7.2.1/../../../../arm-none-eabi/lib/thumb/v6-m\libc.a(lib_a-mallocr.o)
                0x20000a84                __malloc_top_pad
 *(COMMON)
 COMMON         0x20000a88        0x8 src/lab8.o
                0x20000a88                score1
                0x20000a8c                score2
 COMMON         0x20000a90       0x28 src/main.o
                0x20000a90                pad3dx
                0x20000a94                x
                0x20000a98                pad1x
                0x20000a9c                pad1dx
                0x20000aa0                pad3x
                0x20000aa4                pad2dx
                0x20000aa8                dx
                0x20000aac                dy
                0x20000ab0                y
                0x20000ab4                pad2x
 COMMON         0x20000ab8       0x21 d:/stm32/plugins/fr.ac6.mcu.externaltools.arm-none.win32_1.16.0.201807130628/tools/compiler/bin/../lib/gcc/arm-none-eabi/7.2.1/../../../../arm-none-eabi/lib/thumb/v6-m\libc.a(lib_a-lock.o)
                0x20000ab8                __lock___atexit_recursive_mutex
                0x20000abc                __lock___arc4random_mutex
                0x20000ac0                __lock___env_recursive_mutex
                0x20000ac4                __lock___sinit_recursive_mutex
                0x20000ac8                __lock___malloc_recursive_mutex
                0x20000acc                __lock___at_quick_exit_mutex
                0x20000ad0                __lock___dd_hash_mutex
                0x20000ad4                __lock___tz_mutex
                0x20000ad8                __lock___sfp_recursive_mutex
 *fill*         0x20000ad9        0x3 
 COMMON         0x20000adc        0x4 d:/stm32/plugins/fr.ac6.mcu.externaltools.arm-none.win32_1.16.0.201807130628/tools/compiler/bin/../lib/gcc/arm-none-eabi/7.2.1/../../../../arm-none-eabi/lib/thumb/v6-m\libc.a(lib_a-reent.o)
                0x20000adc                errno
                0x20000ae0                . = ALIGN (0x4)
                0x20000ae0                _ebss = .
                0x20000ae0                __bss_end__ = _ebss

._user_heap_stack
                0x20000ae0       0x80 load address 0x080073c8
                0x20000ae0                . = ALIGN (0x8)
                0x20000ae0                PROVIDE (end, .)
                [!provide]                PROVIDE (_end, .)
                0x20000ae0                . = (. + _Min_Heap_Size)
                0x20000b60                . = (. + _Min_Stack_Size)
 *fill*         0x20000ae0       0x80 
                0x20000b60                . = ALIGN (0x8)

.ARM.attributes
                0x00000000       0x28
 *(.ARM.attributes)
 .ARM.attributes
                0x00000000       0x1e d:/stm32/plugins/fr.ac6.mcu.externaltools.arm-none.win32_1.16.0.201807130628/tools/compiler/bin/../lib/gcc/arm-none-eabi/7.2.1/thumb/v6-m/crti.o
 .ARM.attributes
                0x0000001e       0x2c d:/stm32/plugins/fr.ac6.mcu.externaltools.arm-none.win32_1.16.0.201807130628/tools/compiler/bin/../lib/gcc/arm-none-eabi/7.2.1/thumb/v6-m/crtbegin.o
 .ARM.attributes
                0x0000004a       0x31 src/block.o
 .ARM.attributes
                0x0000007b       0x31 src/lab8.o
 .ARM.attributes
                0x000000ac       0x31 src/main.o
 .ARM.attributes
                0x000000dd       0x21 src/nano_wait.o
 .ARM.attributes
                0x000000fe       0x31 src/sound.o
 .ARM.attributes
                0x0000012f       0x31 src/support.o
 .ARM.attributes
                0x00000160       0x31 src/syscalls.o
 .ARM.attributes
                0x00000191       0x31 src/system_stm32f0xx.o
 .ARM.attributes
                0x000001c2       0x21 startup/startup_stm32f0xx.o
 .ARM.attributes
                0x000001e3       0x1e d:/stm32/plugins/fr.ac6.mcu.externaltools.arm-none.win32_1.16.0.201807130628/tools/compiler/bin/../lib/gcc/arm-none-eabi/7.2.1/thumb/v6-m\libgcc.a(_divsi3.o)
 .ARM.attributes
                0x00000201       0x1e d:/stm32/plugins/fr.ac6.mcu.externaltools.arm-none.win32_1.16.0.201807130628/tools/compiler/bin/../lib/gcc/arm-none-eabi/7.2.1/thumb/v6-m\libgcc.a(_dvmd_tls.o)
 .ARM.attributes
                0x0000021f       0x2c d:/stm32/plugins/fr.ac6.mcu.externaltools.arm-none.win32_1.16.0.201807130628/tools/compiler/bin/../lib/gcc/arm-none-eabi/7.2.1/../../../../arm-none-eabi/lib/thumb/v6-m\libc.a(lib_a-assert.o)
 .ARM.attributes
                0x0000024b       0x2c d:/stm32/plugins/fr.ac6.mcu.externaltools.arm-none.win32_1.16.0.201807130628/tools/compiler/bin/../lib/gcc/arm-none-eabi/7.2.1/../../../../arm-none-eabi/lib/thumb/v6-m\libc.a(lib_a-errno.o)
 .ARM.attributes
                0x00000277       0x2c d:/stm32/plugins/fr.ac6.mcu.externaltools.arm-none.win32_1.16.0.201807130628/tools/compiler/bin/../lib/gcc/arm-none-eabi/7.2.1/../../../../arm-none-eabi/lib/thumb/v6-m\libc.a(lib_a-fiprintf.o)
 .ARM.attributes
                0x000002a3       0x2c d:/stm32/plugins/fr.ac6.mcu.externaltools.arm-none.win32_1.16.0.201807130628/tools/compiler/bin/../lib/gcc/arm-none-eabi/7.2.1/../../../../arm-none-eabi/lib/thumb/v6-m\libc.a(lib_a-impure.o)
 .ARM.attributes
                0x000002cf       0x2c d:/stm32/plugins/fr.ac6.mcu.externaltools.arm-none.win32_1.16.0.201807130628/tools/compiler/bin/../lib/gcc/arm-none-eabi/7.2.1/../../../../arm-none-eabi/lib/thumb/v6-m\libc.a(lib_a-init.o)
 .ARM.attributes
                0x000002fb       0x2c d:/stm32/plugins/fr.ac6.mcu.externaltools.arm-none.win32_1.16.0.201807130628/tools/compiler/bin/../lib/gcc/arm-none-eabi/7.2.1/../../../../arm-none-eabi/lib/thumb/v6-m\libc.a(lib_a-malloc.o)
 .ARM.attributes
                0x00000327       0x2c d:/stm32/plugins/fr.ac6.mcu.externaltools.arm-none.win32_1.16.0.201807130628/tools/compiler/bin/../lib/gcc/arm-none-eabi/7.2.1/../../../../arm-none-eabi/lib/thumb/v6-m\libc.a(lib_a-mallocr.o)
 .ARM.attributes
                0x00000353       0x2c d:/stm32/plugins/fr.ac6.mcu.externaltools.arm-none.win32_1.16.0.201807130628/tools/compiler/bin/../lib/gcc/arm-none-eabi/7.2.1/../../../../arm-none-eabi/lib/thumb/v6-m\libc.a(lib_a-memset.o)
 .ARM.attributes
                0x0000037f       0x2c d:/stm32/plugins/fr.ac6.mcu.externaltools.arm-none.win32_1.16.0.201807130628/tools/compiler/bin/../lib/gcc/arm-none-eabi/7.2.1/../../../../arm-none-eabi/lib/thumb/v6-m\libc.a(lib_a-mlock.o)
 .ARM.attributes
                0x000003ab       0x2c d:/stm32/plugins/fr.ac6.mcu.externaltools.arm-none.win32_1.16.0.201807130628/tools/compiler/bin/../lib/gcc/arm-none-eabi/7.2.1/../../../../arm-none-eabi/lib/thumb/v6-m\libc.a(lib_a-sbrkr.o)
 .ARM.attributes
                0x000003d7       0x2c d:/stm32/plugins/fr.ac6.mcu.externaltools.arm-none.win32_1.16.0.201807130628/tools/compiler/bin/../lib/gcc/arm-none-eabi/7.2.1/../../../../arm-none-eabi/lib/thumb/v6-m\libc.a(lib_a-vfiprintf.o)
 .ARM.attributes
                0x00000403       0x2c d:/stm32/plugins/fr.ac6.mcu.externaltools.arm-none.win32_1.16.0.201807130628/tools/compiler/bin/../lib/gcc/arm-none-eabi/7.2.1/../../../../arm-none-eabi/lib/thumb/v6-m\libc.a(lib_a-wsetup.o)
 .ARM.attributes
                0x0000042f       0x2c d:/stm32/plugins/fr.ac6.mcu.externaltools.arm-none.win32_1.16.0.201807130628/tools/compiler/bin/../lib/gcc/arm-none-eabi/7.2.1/../../../../arm-none-eabi/lib/thumb/v6-m\libc.a(lib_a-__call_atexit.o)
 .ARM.attributes
                0x0000045b       0x2c d:/stm32/plugins/fr.ac6.mcu.externaltools.arm-none.win32_1.16.0.201807130628/tools/compiler/bin/../lib/gcc/arm-none-eabi/7.2.1/../../../../arm-none-eabi/lib/thumb/v6-m\libc.a(lib_a-abort.o)
 .ARM.attributes
                0x00000487       0x2c d:/stm32/plugins/fr.ac6.mcu.externaltools.arm-none.win32_1.16.0.201807130628/tools/compiler/bin/../lib/gcc/arm-none-eabi/7.2.1/../../../../arm-none-eabi/lib/thumb/v6-m\libc.a(lib_a-atexit.o)
 .ARM.attributes
                0x000004b3       0x2c d:/stm32/plugins/fr.ac6.mcu.externaltools.arm-none.win32_1.16.0.201807130628/tools/compiler/bin/../lib/gcc/arm-none-eabi/7.2.1/../../../../arm-none-eabi/lib/thumb/v6-m\libc.a(lib_a-fflush.o)
 .ARM.attributes
                0x000004df       0x2c d:/stm32/plugins/fr.ac6.mcu.externaltools.arm-none.win32_1.16.0.201807130628/tools/compiler/bin/../lib/gcc/arm-none-eabi/7.2.1/../../../../arm-none-eabi/lib/thumb/v6-m\libc.a(lib_a-findfp.o)
 .ARM.attributes
                0x0000050b       0x2c d:/stm32/plugins/fr.ac6.mcu.externaltools.arm-none.win32_1.16.0.201807130628/tools/compiler/bin/../lib/gcc/arm-none-eabi/7.2.1/../../../../arm-none-eabi/lib/thumb/v6-m\libc.a(lib_a-fini.o)
 .ARM.attributes
                0x00000537       0x2c d:/stm32/plugins/fr.ac6.mcu.externaltools.arm-none.win32_1.16.0.201807130628/tools/compiler/bin/../lib/gcc/arm-none-eabi/7.2.1/../../../../arm-none-eabi/lib/thumb/v6-m\libc.a(lib_a-fputwc.o)
 .ARM.attributes
                0x00000563       0x2c d:/stm32/plugins/fr.ac6.mcu.externaltools.arm-none.win32_1.16.0.201807130628/tools/compiler/bin/../lib/gcc/arm-none-eabi/7.2.1/../../../../arm-none-eabi/lib/thumb/v6-m\libc.a(lib_a-freer.o)
 .ARM.attributes
                0x0000058f       0x2c d:/stm32/plugins/fr.ac6.mcu.externaltools.arm-none.win32_1.16.0.201807130628/tools/compiler/bin/../lib/gcc/arm-none-eabi/7.2.1/../../../../arm-none-eabi/lib/thumb/v6-m\libc.a(lib_a-fvwrite.o)
 .ARM.attributes
                0x000005bb       0x2c d:/stm32/plugins/fr.ac6.mcu.externaltools.arm-none.win32_1.16.0.201807130628/tools/compiler/bin/../lib/gcc/arm-none-eabi/7.2.1/../../../../arm-none-eabi/lib/thumb/v6-m\libc.a(lib_a-fwalk.o)
 .ARM.attributes
                0x000005e7       0x2c d:/stm32/plugins/fr.ac6.mcu.externaltools.arm-none.win32_1.16.0.201807130628/tools/compiler/bin/../lib/gcc/arm-none-eabi/7.2.1/../../../../arm-none-eabi/lib/thumb/v6-m\libc.a(lib_a-locale.o)
 .ARM.attributes
                0x00000613       0x2c d:/stm32/plugins/fr.ac6.mcu.externaltools.arm-none.win32_1.16.0.201807130628/tools/compiler/bin/../lib/gcc/arm-none-eabi/7.2.1/../../../../arm-none-eabi/lib/thumb/v6-m\libc.a(lib_a-lock.o)
 .ARM.attributes
                0x0000063f       0x2c d:/stm32/plugins/fr.ac6.mcu.externaltools.arm-none.win32_1.16.0.201807130628/tools/compiler/bin/../lib/gcc/arm-none-eabi/7.2.1/../../../../arm-none-eabi/lib/thumb/v6-m\libc.a(lib_a-makebuf.o)
 .ARM.attributes
                0x0000066b       0x2c d:/stm32/plugins/fr.ac6.mcu.externaltools.arm-none.win32_1.16.0.201807130628/tools/compiler/bin/../lib/gcc/arm-none-eabi/7.2.1/../../../../arm-none-eabi/lib/thumb/v6-m\libc.a(lib_a-mbtowc_r.o)
 .ARM.attributes
                0x00000697       0x2c d:/stm32/plugins/fr.ac6.mcu.externaltools.arm-none.win32_1.16.0.201807130628/tools/compiler/bin/../lib/gcc/arm-none-eabi/7.2.1/../../../../arm-none-eabi/lib/thumb/v6-m\libc.a(lib_a-memchr-stub.o)
 .ARM.attributes
                0x000006c3       0x2c d:/stm32/plugins/fr.ac6.mcu.externaltools.arm-none.win32_1.16.0.201807130628/tools/compiler/bin/../lib/gcc/arm-none-eabi/7.2.1/../../../../arm-none-eabi/lib/thumb/v6-m\libc.a(lib_a-memcpy-stub.o)
 .ARM.attributes
                0x000006ef       0x2c d:/stm32/plugins/fr.ac6.mcu.externaltools.arm-none.win32_1.16.0.201807130628/tools/compiler/bin/../lib/gcc/arm-none-eabi/7.2.1/../../../../arm-none-eabi/lib/thumb/v6-m\libc.a(lib_a-memmove.o)
 .ARM.attributes
                0x0000071b       0x2c d:/stm32/plugins/fr.ac6.mcu.externaltools.arm-none.win32_1.16.0.201807130628/tools/compiler/bin/../lib/gcc/arm-none-eabi/7.2.1/../../../../arm-none-eabi/lib/thumb/v6-m\libc.a(lib_a-reallocr.o)
 .ARM.attributes
                0x00000747       0x2c d:/stm32/plugins/fr.ac6.mcu.externaltools.arm-none.win32_1.16.0.201807130628/tools/compiler/bin/../lib/gcc/arm-none-eabi/7.2.1/../../../../arm-none-eabi/lib/thumb/v6-m\libc.a(lib_a-reent.o)
 .ARM.attributes
                0x00000773       0x2c d:/stm32/plugins/fr.ac6.mcu.externaltools.arm-none.win32_1.16.0.201807130628/tools/compiler/bin/../lib/gcc/arm-none-eabi/7.2.1/../../../../arm-none-eabi/lib/thumb/v6-m\libc.a(lib_a-signal.o)
 .ARM.attributes
                0x0000079f       0x2c d:/stm32/plugins/fr.ac6.mcu.externaltools.arm-none.win32_1.16.0.201807130628/tools/compiler/bin/../lib/gcc/arm-none-eabi/7.2.1/../../../../arm-none-eabi/lib/thumb/v6-m\libc.a(lib_a-signalr.o)
 .ARM.attributes
                0x000007cb       0x2c d:/stm32/plugins/fr.ac6.mcu.externaltools.arm-none.win32_1.16.0.201807130628/tools/compiler/bin/../lib/gcc/arm-none-eabi/7.2.1/../../../../arm-none-eabi/lib/thumb/v6-m\libc.a(lib_a-stdio.o)
 .ARM.attributes
                0x000007f7       0x2c d:/stm32/plugins/fr.ac6.mcu.externaltools.arm-none.win32_1.16.0.201807130628/tools/compiler/bin/../lib/gcc/arm-none-eabi/7.2.1/../../../../arm-none-eabi/lib/thumb/v6-m\libc.a(lib_a-strlen-stub.o)
 .ARM.attributes
                0x00000823       0x2c d:/stm32/plugins/fr.ac6.mcu.externaltools.arm-none.win32_1.16.0.201807130628/tools/compiler/bin/../lib/gcc/arm-none-eabi/7.2.1/../../../../arm-none-eabi/lib/thumb/v6-m\libc.a(lib_a-wbuf.o)
 .ARM.attributes
                0x0000084f       0x2c d:/stm32/plugins/fr.ac6.mcu.externaltools.arm-none.win32_1.16.0.201807130628/tools/compiler/bin/../lib/gcc/arm-none-eabi/7.2.1/../../../../arm-none-eabi/lib/thumb/v6-m\libc.a(lib_a-wcrtomb.o)
 .ARM.attributes
                0x0000087b       0x2c d:/stm32/plugins/fr.ac6.mcu.externaltools.arm-none.win32_1.16.0.201807130628/tools/compiler/bin/../lib/gcc/arm-none-eabi/7.2.1/../../../../arm-none-eabi/lib/thumb/v6-m\libc.a(lib_a-wctomb_r.o)
 .ARM.attributes
                0x000008a7       0x2c d:/stm32/plugins/fr.ac6.mcu.externaltools.arm-none.win32_1.16.0.201807130628/tools/compiler/bin/../lib/gcc/arm-none-eabi/7.2.1/../../../../arm-none-eabi/lib/thumb/v6-m\libc.a(lib_a-writer.o)
 .ARM.attributes
                0x000008d3       0x2c d:/stm32/plugins/fr.ac6.mcu.externaltools.arm-none.win32_1.16.0.201807130628/tools/compiler/bin/../lib/gcc/arm-none-eabi/7.2.1/../../../../arm-none-eabi/lib/thumb/v6-m\libc.a(lib_a-__atexit.o)
 .ARM.attributes
                0x000008ff       0x2c d:/stm32/plugins/fr.ac6.mcu.externaltools.arm-none.win32_1.16.0.201807130628/tools/compiler/bin/../lib/gcc/arm-none-eabi/7.2.1/../../../../arm-none-eabi/lib/thumb/v6-m\libc.a(lib_a-closer.o)
 .ARM.attributes
                0x0000092b       0x2c d:/stm32/plugins/fr.ac6.mcu.externaltools.arm-none.win32_1.16.0.201807130628/tools/compiler/bin/../lib/gcc/arm-none-eabi/7.2.1/../../../../arm-none-eabi/lib/thumb/v6-m\libc.a(lib_a-ctype_.o)
 .ARM.attributes
                0x00000957       0x2c d:/stm32/plugins/fr.ac6.mcu.externaltools.arm-none.win32_1.16.0.201807130628/tools/compiler/bin/../lib/gcc/arm-none-eabi/7.2.1/../../../../arm-none-eabi/lib/thumb/v6-m\libc.a(lib_a-fclose.o)
 .ARM.attributes
                0x00000983       0x2c d:/stm32/plugins/fr.ac6.mcu.externaltools.arm-none.win32_1.16.0.201807130628/tools/compiler/bin/../lib/gcc/arm-none-eabi/7.2.1/../../../../arm-none-eabi/lib/thumb/v6-m\libc.a(lib_a-fstatr.o)
 .ARM.attributes
                0x000009af       0x2c d:/stm32/plugins/fr.ac6.mcu.externaltools.arm-none.win32_1.16.0.201807130628/tools/compiler/bin/../lib/gcc/arm-none-eabi/7.2.1/../../../../arm-none-eabi/lib/thumb/v6-m\libc.a(lib_a-isattyr.o)
 .ARM.attributes
                0x000009db       0x2c d:/stm32/plugins/fr.ac6.mcu.externaltools.arm-none.win32_1.16.0.201807130628/tools/compiler/bin/../lib/gcc/arm-none-eabi/7.2.1/../../../../arm-none-eabi/lib/thumb/v6-m\libc.a(lib_a-lseekr.o)
 .ARM.attributes
                0x00000a07       0x2c d:/stm32/plugins/fr.ac6.mcu.externaltools.arm-none.win32_1.16.0.201807130628/tools/compiler/bin/../lib/gcc/arm-none-eabi/7.2.1/../../../../arm-none-eabi/lib/thumb/v6-m\libc.a(lib_a-readr.o)
 .ARM.attributes
                0x00000a33       0x1e d:/stm32/plugins/fr.ac6.mcu.externaltools.arm-none.win32_1.16.0.201807130628/tools/compiler/bin/../lib/gcc/arm-none-eabi/7.2.1/thumb/v6-m\libgcc.a(_aeabi_uldivmod.o)
 .ARM.attributes
                0x00000a51       0x2c d:/stm32/plugins/fr.ac6.mcu.externaltools.arm-none.win32_1.16.0.201807130628/tools/compiler/bin/../lib/gcc/arm-none-eabi/7.2.1/thumb/v6-m\libgcc.a(_udivmoddi4.o)
 .ARM.attributes
                0x00000a7d       0x1e d:/stm32/plugins/fr.ac6.mcu.externaltools.arm-none.win32_1.16.0.201807130628/tools/compiler/bin/../lib/gcc/arm-none-eabi/7.2.1/thumb/v6-m\libgcc.a(_clzsi2.o)
 .ARM.attributes
                0x00000a9b       0x1e d:/stm32/plugins/fr.ac6.mcu.externaltools.arm-none.win32_1.16.0.201807130628/tools/compiler/bin/../lib/gcc/arm-none-eabi/7.2.1/thumb/v6-m\libgcc.a(_clzdi2.o)
 .ARM.attributes
                0x00000ab9       0x1e d:/stm32/plugins/fr.ac6.mcu.externaltools.arm-none.win32_1.16.0.201807130628/tools/compiler/bin/../lib/gcc/arm-none-eabi/7.2.1/thumb/v6-m/crtn.o
OUTPUT(Yeet.elf elf32-littlearm)

.debug_info     0x00000000     0x5a38
 .debug_info    0x00000000      0xd17 src/block.o
 .debug_info    0x00000d17      0xd63 src/lab8.o
 .debug_info    0x00001a7a     0x151e src/main.o
 .debug_info    0x00002f98       0x26 src/nano_wait.o
 .debug_info    0x00002fbe      0x7e6 src/sound.o
 .debug_info    0x000037a4     0x106f src/support.o
 .debug_info    0x00004813      0xf2e src/syscalls.o
 .debug_info    0x00005741      0x2d5 src/system_stm32f0xx.o
 .debug_info    0x00005a16       0x22 startup/startup_stm32f0xx.o

.debug_abbrev   0x00000000     0x104c
 .debug_abbrev  0x00000000      0x244 src/block.o
 .debug_abbrev  0x00000244      0x24c src/lab8.o
 .debug_abbrev  0x00000490      0x3b6 src/main.o
 .debug_abbrev  0x00000846       0x14 src/nano_wait.o
 .debug_abbrev  0x0000085a      0x125 src/sound.o
 .debug_abbrev  0x0000097f      0x2d9 src/support.o
 .debug_abbrev  0x00000c58      0x2aa src/syscalls.o
 .debug_abbrev  0x00000f02      0x138 src/system_stm32f0xx.o
 .debug_abbrev  0x0000103a       0x12 startup/startup_stm32f0xx.o

.debug_aranges  0x00000000      0x368
 .debug_aranges
                0x00000000       0x38 src/block.o
 .debug_aranges
                0x00000038       0x50 src/lab8.o
 .debug_aranges
                0x00000088       0xc0 src/main.o
 .debug_aranges
                0x00000148       0x20 src/nano_wait.o
 .debug_aranges
                0x00000168       0x58 src/sound.o
 .debug_aranges
                0x000001c0       0xa0 src/support.o
 .debug_aranges
                0x00000260       0xb0 src/syscalls.o
 .debug_aranges
                0x00000310       0x30 src/system_stm32f0xx.o
 .debug_aranges
                0x00000340       0x28 startup/startup_stm32f0xx.o

.debug_ranges   0x00000000      0x2d0
 .debug_ranges  0x00000000       0x28 src/block.o
 .debug_ranges  0x00000028       0x40 src/lab8.o
 .debug_ranges  0x00000068       0xb0 src/main.o
 .debug_ranges  0x00000118       0x48 src/sound.o
 .debug_ranges  0x00000160       0x90 src/support.o
 .debug_ranges  0x000001f0       0xa0 src/syscalls.o
 .debug_ranges  0x00000290       0x20 src/system_stm32f0xx.o
 .debug_ranges  0x000002b0       0x20 startup/startup_stm32f0xx.o

.debug_macro    0x00000000     0x29f5
 .debug_macro   0x00000000      0x327 src/block.o
 .debug_macro   0x00000327       0x52 src/block.o
 .debug_macro   0x00000379       0x17 src/block.o
 .debug_macro   0x00000390       0x8d src/block.o
 .debug_macro   0x0000041d       0x35 src/block.o
 .debug_macro   0x00000452       0x9c src/block.o
 .debug_macro   0x000004ee       0x1c src/block.o
 .debug_macro   0x0000050a       0x1c src/block.o
 .debug_macro   0x00000526       0x57 src/block.o
 .debug_macro   0x0000057d       0x97 src/block.o
 .debug_macro   0x00000614      0x330 src/block.o
 .debug_macro   0x00000944       0xfd src/block.o
 .debug_macro   0x00000a41       0x10 src/block.o
 .debug_macro   0x00000a51       0x58 src/block.o
 .debug_macro   0x00000aa9       0x1f src/block.o
 .debug_macro   0x00000ac8       0x43 src/block.o
 .debug_macro   0x00000b0b       0x20 src/block.o
 .debug_macro   0x00000b2b      0x18e src/block.o
 .debug_macro   0x00000cb9       0x10 src/block.o
 .debug_macro   0x00000cc9       0x1c src/block.o
 .debug_macro   0x00000ce5       0x52 src/block.o
 .debug_macro   0x00000d37       0x40 src/block.o
 .debug_macro   0x00000d77       0x10 src/block.o
 .debug_macro   0x00000d87       0x40 src/block.o
 .debug_macro   0x00000dc7       0xd7 src/block.o
 .debug_macro   0x00000e9e       0x1c src/block.o
 .debug_macro   0x00000eba       0x3d src/block.o
 .debug_macro   0x00000ef7       0x16 src/block.o
 .debug_macro   0x00000f0d      0x16f src/block.o
 .debug_macro   0x0000107c       0x16 src/block.o
 .debug_macro   0x00001092       0x35 src/block.o
 .debug_macro   0x000010c7       0x16 src/block.o
 .debug_macro   0x000010dd       0x29 src/block.o
 .debug_macro   0x00001106       0x58 src/block.o
 .debug_macro   0x0000115e      0x208 src/block.o
 .debug_macro   0x00001366      0x2dc src/lab8.o
 .debug_macro   0x00001642       0x58 src/lab8.o
 .debug_macro   0x0000169a       0x16 src/lab8.o
 .debug_macro   0x000016b0      0x36a src/main.o
 .debug_macro   0x00001a1a       0x16 src/main.o
 .debug_macro   0x00001a30       0x34 src/main.o
 .debug_macro   0x00001a64      0x17b src/sound.o
 .debug_macro   0x00001bdf      0x2dc src/support.o
 .debug_macro   0x00001ebb      0x243 src/syscalls.o
 .debug_macro   0x000020fe      0x174 src/syscalls.o
 .debug_macro   0x00002272       0x10 src/syscalls.o
 .debug_macro   0x00002282       0x10 src/syscalls.o
 .debug_macro   0x00002292       0x10 src/syscalls.o
 .debug_macro   0x000022a2       0x35 src/syscalls.o
 .debug_macro   0x000022d7      0x122 src/syscalls.o
 .debug_macro   0x000023f9       0x10 src/syscalls.o
 .debug_macro   0x00002409      0x241 src/syscalls.o
 .debug_macro   0x0000264a       0x10 src/syscalls.o
 .debug_macro   0x0000265a      0x189 src/syscalls.o
 .debug_macro   0x000027e3       0x16 src/syscalls.o
 .debug_macro   0x000027f9       0x88 src/syscalls.o
 .debug_macro   0x00002881      0x174 src/system_stm32f0xx.o

.debug_line     0x00000000     0x3ce6
 .debug_line    0x00000000      0x9ac src/block.o
 .debug_line    0x000009ac      0x8c9 src/lab8.o
 .debug_line    0x00001275      0xc0e src/main.o
 .debug_line    0x00001e83       0x42 src/nano_wait.o
 .debug_line    0x00001ec5      0x759 src/sound.o
 .debug_line    0x0000261e      0xa26 src/support.o
 .debug_line    0x00003044      0x5a7 src/syscalls.o
 .debug_line    0x000035eb      0x67a src/system_stm32f0xx.o
 .debug_line    0x00003c65       0x81 startup/startup_stm32f0xx.o

.debug_str      0x00000000    0x32335
 .debug_str     0x00000000    0x30970 src/block.o
                              0x30bfc (size before relaxing)
 .debug_str     0x00030970      0x113 src/lab8.o
                              0x30217 (size before relaxing)
 .debug_str     0x00030a83      0x2ec src/main.o
                              0x30ee0 (size before relaxing)
 .debug_str     0x00030d6f       0x22 src/nano_wait.o
                                 0x9f (size before relaxing)
 .debug_str     0x00030d91      0x2ac src/sound.o
                              0x2c227 (size before relaxing)
 .debug_str     0x0003103d      0x10a src/support.o
                              0x3025c (size before relaxing)
 .debug_str     0x00031147     0x1116 src/syscalls.o
                               0x868e (size before relaxing)
 .debug_str     0x0003225d       0xb9 src/system_stm32f0xx.o
                              0x2bd4f (size before relaxing)
 .debug_str     0x00032316       0x1f startup/startup_stm32f0xx.o
                                 0xab (size before relaxing)

.comment        0x00000000       0x7e
 .comment       0x00000000       0x7e src/block.o
                                 0x7f (size before relaxing)
 .comment       0x0000007e       0x7f src/lab8.o
 .comment       0x0000007e       0x7f src/main.o
 .comment       0x0000007e       0x7f src/sound.o
 .comment       0x0000007e       0x7f src/support.o
 .comment       0x0000007e       0x7f src/syscalls.o
 .comment       0x0000007e       0x7f src/system_stm32f0xx.o

.debug_frame    0x00000000     0x1844
 .debug_frame   0x00000000       0x94 src/block.o
 .debug_frame   0x00000094       0xe8 src/lab8.o
 .debug_frame   0x0000017c      0x294 src/main.o
 .debug_frame   0x00000410       0xf0 src/sound.o
 .debug_frame   0x00000500      0x224 src/support.o
 .debug_frame   0x00000724      0x264 src/syscalls.o
 .debug_frame   0x00000988       0x6c src/system_stm32f0xx.o
 .debug_frame   0x000009f4       0x20 d:/stm32/plugins/fr.ac6.mcu.externaltools.arm-none.win32_1.16.0.201807130628/tools/compiler/bin/../lib/gcc/arm-none-eabi/7.2.1/thumb/v6-m\libgcc.a(_divsi3.o)
 .debug_frame   0x00000a14       0x44 d:/stm32/plugins/fr.ac6.mcu.externaltools.arm-none.win32_1.16.0.201807130628/tools/compiler/bin/../lib/gcc/arm-none-eabi/7.2.1/../../../../arm-none-eabi/lib/thumb/v6-m\libc.a(lib_a-assert.o)
 .debug_frame   0x00000a58       0x20 d:/stm32/plugins/fr.ac6.mcu.externaltools.arm-none.win32_1.16.0.201807130628/tools/compiler/bin/../lib/gcc/arm-none-eabi/7.2.1/../../../../arm-none-eabi/lib/thumb/v6-m\libc.a(lib_a-errno.o)
 .debug_frame   0x00000a78       0x48 d:/stm32/plugins/fr.ac6.mcu.externaltools.arm-none.win32_1.16.0.201807130628/tools/compiler/bin/../lib/gcc/arm-none-eabi/7.2.1/../../../../arm-none-eabi/lib/thumb/v6-m\libc.a(lib_a-fiprintf.o)
 .debug_frame   0x00000ac0       0x2c d:/stm32/plugins/fr.ac6.mcu.externaltools.arm-none.win32_1.16.0.201807130628/tools/compiler/bin/../lib/gcc/arm-none-eabi/7.2.1/../../../../arm-none-eabi/lib/thumb/v6-m\libc.a(lib_a-init.o)
 .debug_frame   0x00000aec       0x40 d:/stm32/plugins/fr.ac6.mcu.externaltools.arm-none.win32_1.16.0.201807130628/tools/compiler/bin/../lib/gcc/arm-none-eabi/7.2.1/../../../../arm-none-eabi/lib/thumb/v6-m\libc.a(lib_a-malloc.o)
 .debug_frame   0x00000b2c       0x3c d:/stm32/plugins/fr.ac6.mcu.externaltools.arm-none.win32_1.16.0.201807130628/tools/compiler/bin/../lib/gcc/arm-none-eabi/7.2.1/../../../../arm-none-eabi/lib/thumb/v6-m\libc.a(lib_a-mallocr.o)
 .debug_frame   0x00000b68       0x30 d:/stm32/plugins/fr.ac6.mcu.externaltools.arm-none.win32_1.16.0.201807130628/tools/compiler/bin/../lib/gcc/arm-none-eabi/7.2.1/../../../../arm-none-eabi/lib/thumb/v6-m\libc.a(lib_a-memset.o)
 .debug_frame   0x00000b98       0x40 d:/stm32/plugins/fr.ac6.mcu.externaltools.arm-none.win32_1.16.0.201807130628/tools/compiler/bin/../lib/gcc/arm-none-eabi/7.2.1/../../../../arm-none-eabi/lib/thumb/v6-m\libc.a(lib_a-mlock.o)
 .debug_frame   0x00000bd8       0x2c d:/stm32/plugins/fr.ac6.mcu.externaltools.arm-none.win32_1.16.0.201807130628/tools/compiler/bin/../lib/gcc/arm-none-eabi/7.2.1/../../../../arm-none-eabi/lib/thumb/v6-m\libc.a(lib_a-sbrkr.o)
 .debug_frame   0x00000c04       0xbc d:/stm32/plugins/fr.ac6.mcu.externaltools.arm-none.win32_1.16.0.201807130628/tools/compiler/bin/../lib/gcc/arm-none-eabi/7.2.1/../../../../arm-none-eabi/lib/thumb/v6-m\libc.a(lib_a-vfiprintf.o)
 .debug_frame   0x00000cc0       0x2c d:/stm32/plugins/fr.ac6.mcu.externaltools.arm-none.win32_1.16.0.201807130628/tools/compiler/bin/../lib/gcc/arm-none-eabi/7.2.1/../../../../arm-none-eabi/lib/thumb/v6-m\libc.a(lib_a-wsetup.o)
 .debug_frame   0x00000cec       0x54 d:/stm32/plugins/fr.ac6.mcu.externaltools.arm-none.win32_1.16.0.201807130628/tools/compiler/bin/../lib/gcc/arm-none-eabi/7.2.1/../../../../arm-none-eabi/lib/thumb/v6-m\libc.a(lib_a-__call_atexit.o)
 .debug_frame   0x00000d40       0x28 d:/stm32/plugins/fr.ac6.mcu.externaltools.arm-none.win32_1.16.0.201807130628/tools/compiler/bin/../lib/gcc/arm-none-eabi/7.2.1/../../../../arm-none-eabi/lib/thumb/v6-m\libc.a(lib_a-abort.o)
 .debug_frame   0x00000d68       0x28 d:/stm32/plugins/fr.ac6.mcu.externaltools.arm-none.win32_1.16.0.201807130628/tools/compiler/bin/../lib/gcc/arm-none-eabi/7.2.1/../../../../arm-none-eabi/lib/thumb/v6-m\libc.a(lib_a-atexit.o)
 .debug_frame   0x00000d90       0x68 d:/stm32/plugins/fr.ac6.mcu.externaltools.arm-none.win32_1.16.0.201807130628/tools/compiler/bin/../lib/gcc/arm-none-eabi/7.2.1/../../../../arm-none-eabi/lib/thumb/v6-m\libc.a(lib_a-fflush.o)
 .debug_frame   0x00000df8      0x170 d:/stm32/plugins/fr.ac6.mcu.externaltools.arm-none.win32_1.16.0.201807130628/tools/compiler/bin/../lib/gcc/arm-none-eabi/7.2.1/../../../../arm-none-eabi/lib/thumb/v6-m\libc.a(lib_a-findfp.o)
 .debug_frame   0x00000f68       0x2c d:/stm32/plugins/fr.ac6.mcu.externaltools.arm-none.win32_1.16.0.201807130628/tools/compiler/bin/../lib/gcc/arm-none-eabi/7.2.1/../../../../arm-none-eabi/lib/thumb/v6-m\libc.a(lib_a-fini.o)
 .debug_frame   0x00000f94       0x70 d:/stm32/plugins/fr.ac6.mcu.externaltools.arm-none.win32_1.16.0.201807130628/tools/compiler/bin/../lib/gcc/arm-none-eabi/7.2.1/../../../../arm-none-eabi/lib/thumb/v6-m\libc.a(lib_a-fputwc.o)
 .debug_frame   0x00001004       0x58 d:/stm32/plugins/fr.ac6.mcu.externaltools.arm-none.win32_1.16.0.201807130628/tools/compiler/bin/../lib/gcc/arm-none-eabi/7.2.1/../../../../arm-none-eabi/lib/thumb/v6-m\libc.a(lib_a-freer.o)
 .debug_frame   0x0000105c       0x3c d:/stm32/plugins/fr.ac6.mcu.externaltools.arm-none.win32_1.16.0.201807130628/tools/compiler/bin/../lib/gcc/arm-none-eabi/7.2.1/../../../../arm-none-eabi/lib/thumb/v6-m\libc.a(lib_a-fvwrite.o)
 .debug_frame   0x00001098       0x5c d:/stm32/plugins/fr.ac6.mcu.externaltools.arm-none.win32_1.16.0.201807130628/tools/compiler/bin/../lib/gcc/arm-none-eabi/7.2.1/../../../../arm-none-eabi/lib/thumb/v6-m\libc.a(lib_a-fwalk.o)
 .debug_frame   0x000010f4       0x74 d:/stm32/plugins/fr.ac6.mcu.externaltools.arm-none.win32_1.16.0.201807130628/tools/compiler/bin/../lib/gcc/arm-none-eabi/7.2.1/../../../../arm-none-eabi/lib/thumb/v6-m\libc.a(lib_a-locale.o)
 .debug_frame   0x00001168       0xb0 d:/stm32/plugins/fr.ac6.mcu.externaltools.arm-none.win32_1.16.0.201807130628/tools/compiler/bin/../lib/gcc/arm-none-eabi/7.2.1/../../../../arm-none-eabi/lib/thumb/v6-m\libc.a(lib_a-lock.o)
 .debug_frame   0x00001218       0x50 d:/stm32/plugins/fr.ac6.mcu.externaltools.arm-none.win32_1.16.0.201807130628/tools/compiler/bin/../lib/gcc/arm-none-eabi/7.2.1/../../../../arm-none-eabi/lib/thumb/v6-m\libc.a(lib_a-makebuf.o)
 .debug_frame   0x00001268       0x40 d:/stm32/plugins/fr.ac6.mcu.externaltools.arm-none.win32_1.16.0.201807130628/tools/compiler/bin/../lib/gcc/arm-none-eabi/7.2.1/../../../../arm-none-eabi/lib/thumb/v6-m\libc.a(lib_a-mbtowc_r.o)
 .debug_frame   0x000012a8       0x2c d:/stm32/plugins/fr.ac6.mcu.externaltools.arm-none.win32_1.16.0.201807130628/tools/compiler/bin/../lib/gcc/arm-none-eabi/7.2.1/../../../../arm-none-eabi/lib/thumb/v6-m\libc.a(lib_a-memchr-stub.o)
 .debug_frame   0x000012d4       0x30 d:/stm32/plugins/fr.ac6.mcu.externaltools.arm-none.win32_1.16.0.201807130628/tools/compiler/bin/../lib/gcc/arm-none-eabi/7.2.1/../../../../arm-none-eabi/lib/thumb/v6-m\libc.a(lib_a-memcpy-stub.o)
 .debug_frame   0x00001304       0x30 d:/stm32/plugins/fr.ac6.mcu.externaltools.arm-none.win32_1.16.0.201807130628/tools/compiler/bin/../lib/gcc/arm-none-eabi/7.2.1/../../../../arm-none-eabi/lib/thumb/v6-m\libc.a(lib_a-memmove.o)
 .debug_frame   0x00001334       0x3c d:/stm32/plugins/fr.ac6.mcu.externaltools.arm-none.win32_1.16.0.201807130628/tools/compiler/bin/../lib/gcc/arm-none-eabi/7.2.1/../../../../arm-none-eabi/lib/thumb/v6-m\libc.a(lib_a-reallocr.o)
 .debug_frame   0x00001370       0x48 d:/stm32/plugins/fr.ac6.mcu.externaltools.arm-none.win32_1.16.0.201807130628/tools/compiler/bin/../lib/gcc/arm-none-eabi/7.2.1/../../../../arm-none-eabi/lib/thumb/v6-m\libc.a(lib_a-reent.o)
 .debug_frame   0x000013b8       0xf8 d:/stm32/plugins/fr.ac6.mcu.externaltools.arm-none.win32_1.16.0.201807130628/tools/compiler/bin/../lib/gcc/arm-none-eabi/7.2.1/../../../../arm-none-eabi/lib/thumb/v6-m\libc.a(lib_a-signal.o)
 .debug_frame   0x000014b0       0x44 d:/stm32/plugins/fr.ac6.mcu.externaltools.arm-none.win32_1.16.0.201807130628/tools/compiler/bin/../lib/gcc/arm-none-eabi/7.2.1/../../../../arm-none-eabi/lib/thumb/v6-m\libc.a(lib_a-signalr.o)
 .debug_frame   0x000014f4       0x90 d:/stm32/plugins/fr.ac6.mcu.externaltools.arm-none.win32_1.16.0.201807130628/tools/compiler/bin/../lib/gcc/arm-none-eabi/7.2.1/../../../../arm-none-eabi/lib/thumb/v6-m\libc.a(lib_a-stdio.o)
 .debug_frame   0x00001584       0x28 d:/stm32/plugins/fr.ac6.mcu.externaltools.arm-none.win32_1.16.0.201807130628/tools/compiler/bin/../lib/gcc/arm-none-eabi/7.2.1/../../../../arm-none-eabi/lib/thumb/v6-m\libc.a(lib_a-strlen-stub.o)
 .debug_frame   0x000015ac       0x48 d:/stm32/plugins/fr.ac6.mcu.externaltools.arm-none.win32_1.16.0.201807130628/tools/compiler/bin/../lib/gcc/arm-none-eabi/7.2.1/../../../../arm-none-eabi/lib/thumb/v6-m\libc.a(lib_a-wbuf.o)
 .debug_frame   0x000015f4       0x50 d:/stm32/plugins/fr.ac6.mcu.externaltools.arm-none.win32_1.16.0.201807130628/tools/compiler/bin/../lib/gcc/arm-none-eabi/7.2.1/../../../../arm-none-eabi/lib/thumb/v6-m\libc.a(lib_a-wcrtomb.o)
 .debug_frame   0x00001644       0x3c d:/stm32/plugins/fr.ac6.mcu.externaltools.arm-none.win32_1.16.0.201807130628/tools/compiler/bin/../lib/gcc/arm-none-eabi/7.2.1/../../../../arm-none-eabi/lib/thumb/v6-m\libc.a(lib_a-wctomb_r.o)
 .debug_frame   0x00001680       0x2c d:/stm32/plugins/fr.ac6.mcu.externaltools.arm-none.win32_1.16.0.201807130628/tools/compiler/bin/../lib/gcc/arm-none-eabi/7.2.1/../../../../arm-none-eabi/lib/thumb/v6-m\libc.a(lib_a-writer.o)
 .debug_frame   0x000016ac       0x3c d:/stm32/plugins/fr.ac6.mcu.externaltools.arm-none.win32_1.16.0.201807130628/tools/compiler/bin/../lib/gcc/arm-none-eabi/7.2.1/../../../../arm-none-eabi/lib/thumb/v6-m\libc.a(lib_a-__atexit.o)
 .debug_frame   0x000016e8       0x2c d:/stm32/plugins/fr.ac6.mcu.externaltools.arm-none.win32_1.16.0.201807130628/tools/compiler/bin/../lib/gcc/arm-none-eabi/7.2.1/../../../../arm-none-eabi/lib/thumb/v6-m\libc.a(lib_a-closer.o)
 .debug_frame   0x00001714       0x44 d:/stm32/plugins/fr.ac6.mcu.externaltools.arm-none.win32_1.16.0.201807130628/tools/compiler/bin/../lib/gcc/arm-none-eabi/7.2.1/../../../../arm-none-eabi/lib/thumb/v6-m\libc.a(lib_a-fclose.o)
 .debug_frame   0x00001758       0x2c d:/stm32/plugins/fr.ac6.mcu.externaltools.arm-none.win32_1.16.0.201807130628/tools/compiler/bin/../lib/gcc/arm-none-eabi/7.2.1/../../../../arm-none-eabi/lib/thumb/v6-m\libc.a(lib_a-fstatr.o)
 .debug_frame   0x00001784       0x2c d:/stm32/plugins/fr.ac6.mcu.externaltools.arm-none.win32_1.16.0.201807130628/tools/compiler/bin/../lib/gcc/arm-none-eabi/7.2.1/../../../../arm-none-eabi/lib/thumb/v6-m\libc.a(lib_a-isattyr.o)
 .debug_frame   0x000017b0       0x2c d:/stm32/plugins/fr.ac6.mcu.externaltools.arm-none.win32_1.16.0.201807130628/tools/compiler/bin/../lib/gcc/arm-none-eabi/7.2.1/../../../../arm-none-eabi/lib/thumb/v6-m\libc.a(lib_a-lseekr.o)
 .debug_frame   0x000017dc       0x2c d:/stm32/plugins/fr.ac6.mcu.externaltools.arm-none.win32_1.16.0.201807130628/tools/compiler/bin/../lib/gcc/arm-none-eabi/7.2.1/../../../../arm-none-eabi/lib/thumb/v6-m\libc.a(lib_a-readr.o)
 .debug_frame   0x00001808       0x3c d:/stm32/plugins/fr.ac6.mcu.externaltools.arm-none.win32_1.16.0.201807130628/tools/compiler/bin/../lib/gcc/arm-none-eabi/7.2.1/thumb/v6-m\libgcc.a(_udivmoddi4.o)
